#
# An unexpected error has occurred (6) Aborted
#
Stack:
/lib/x86_64-linux-gnu/libc.so.6(+0x45330) [0x771e5f845330]
/lib/x86_64-linux-gnu/libc.so.6(pthread_kill+0x11c) [0x771e5f89eb2c]
/lib/x86_64-linux-gnu/libc.so.6(gsignal+0x1e) [0x771e5f84527e]
/lib/x86_64-linux-gnu/libc.so.6(abort+0xdf) [0x771e5f8288ff]
/opt/vivado/2025.2/Vivado/lib/lnx64.o/Ubuntu/24/libstdc++.so.6(+0xa5ff5) [0x771e600a5ff5]
/opt/vivado/2025.2/Vivado/lib/lnx64.o/Ubuntu/24/libstdc++.so.6(+0xbb0da) [0x771e600bb0da]
/opt/vivado/2025.2/Vivado/lib/lnx64.o/Ubuntu/24/libstdc++.so.6(_ZSt10unexpectedv+0) [0x771e600a5a55]
/opt/vivado/2025.2/Vivado/lib/lnx64.o/libxv_common.so(hdi::tcltasks::detail::collection_wrapper_base::~collection_wrapper_base()+0x27f) [0x771e6afff6f5]
/opt/vivado/2025.2/Vivado/lib/lnx64.o/libxv_common.so(+0x7118d5) [0x771e6b1118d5]
/opt/vivado/2025.2/Vivado/lib/lnx64.o/libxv_common.so(hdi::tcltasks::detail::collection_wrapper_base::decr_ref() const+0x27) [0x771e6affc7db]
/opt/vivado/2025.2/Vivado/lib/lnx64.o/libxv_tcltasks.so(+0x1109c78) [0x771e59709c78]
/opt/vivado/2025.2/Vivado/lib/lnx64.o/libxv_tcltasks.so(+0x1104212) [0x771e59704212]
/opt/vivado/2025.2/Vivado/lib/lnx64.o/libxv_tcltasks.so(+0x1104261) [0x771e59704261]
/opt/vivado/2025.2/Vivado/lib/lnx64.o/libboost_program_options.so.1.72.0(boost::program_options::option_description::~option_description()+0xd1) [0x771e6a5ccbe1]
/opt/vivado/2025.2/Vivado/lib/lnx64.o/libboost_program_options.so.1.72.0(boost::program_options::option_description::~option_description()+0x11) [0x771e6a5ccc31]
/opt/vivado/2025.2/Vivado/lib/lnx64.o/libxv_common.so(boost::detail::sp_counted_impl_p<boost::program_options::option_description>::dispose()+0x13) [0x771e6b2f3d3b]
/opt/vivado/2025.2/Vivado/lib/lnx64.o/libxv_common.so(+0x42fc24) [0x771e6ae2fc24]
/opt/vivado/2025.2/Vivado/lib/lnx64.o/libxv_common.so(hdi::tcltasks::options_description::~options_description()+0xe1) [0x771e6b3a9bb3]
/lib/x86_64-linux-gnu/libc.so.6(+0x47a76) [0x771e5f847a76]
/lib/x86_64-linux-gnu/libc.so.6(+0x47bbe) [0x771e5f847bbe]
/opt/vivado/2025.2/Vivado/lib/lnx64.o/libxv_synth.so(HARTSInfo::periodicalDetect()+0xfb) [0x771e4e36c8eb]
/opt/vivado/2025.2/Vivado/lib/lnx64.o/libxv_common.so(std::thread::_State_impl<std::thread::_Invoker<std::tuple<void (*)()> > >::_M_run()+0x7) [0x771e6b219fbf]
/opt/vivado/2025.2/Vivado/lib/lnx64.o/Ubuntu/24/libstdc++.so.6(+0xecdb4) [0x771e600ecdb4]
/lib/x86_64-linux-gnu/libc.so.6(+0x9caa4) [0x771e5f89caa4]
/lib/x86_64-linux-gnu/libc.so.6(+0x129c6c) [0x771e5f929c6c]
