#
# An unexpected error has occurred (6) Aborted
#
Stack:
/lib/x86_64-linux-gnu/libc.so.6(+0x45330) [0x779e1d645330]
/lib/x86_64-linux-gnu/libc.so.6(pthread_kill+0x11c) [0x779e1d69eb2c]
/lib/x86_64-linux-gnu/libc.so.6(gsignal+0x1e) [0x779e1d64527e]
/lib/x86_64-linux-gnu/libc.so.6(abort+0xdf) [0x779e1d6288ff]
/opt/vivado/2025.2/Vivado/lib/lnx64.o/Ubuntu/24/libstdc++.so.6(+0xa5ff5) [0x779e1dea5ff5]
/opt/vivado/2025.2/Vivado/lib/lnx64.o/Ubuntu/24/libstdc++.so.6(+0xbb0da) [0x779e1debb0da]
/opt/vivado/2025.2/Vivado/lib/lnx64.o/Ubuntu/24/libstdc++.so.6(_ZSt10unexpectedv+0) [0x779e1dea5a55]
/opt/vivado/2025.2/Vivado/lib/lnx64.o/libxv_common.so(hdi::tcltasks::detail::collection_wrapper_base::~collection_wrapper_base()+0x27f) [0x779e28bff6f5]
/opt/vivado/2025.2/Vivado/lib/lnx64.o/libxv_common.so(+0x7118d5) [0x779e28d118d5]
/opt/vivado/2025.2/Vivado/lib/lnx64.o/libxv_common.so(hdi::tcltasks::detail::collection_wrapper_base::decr_ref() const+0x27) [0x779e28bfc7db]
/opt/vivado/2025.2/Vivado/lib/lnx64.o/libxv_tcltasks.so(+0x1109c78) [0x779e17509c78]
/opt/vivado/2025.2/Vivado/lib/lnx64.o/libxv_tcltasks.so(+0x1104212) [0x779e17504212]
/opt/vivado/2025.2/Vivado/lib/lnx64.o/libxv_tcltasks.so(+0x1104261) [0x779e17504261]
/opt/vivado/2025.2/Vivado/lib/lnx64.o/libboost_program_options.so.1.72.0(boost::program_options::option_description::~option_description()+0xd1) [0x779e29857be1]
/opt/vivado/2025.2/Vivado/lib/lnx64.o/libboost_program_options.so.1.72.0(boost::program_options::option_description::~option_description()+0x11) [0x779e29857c31]
/opt/vivado/2025.2/Vivado/lib/lnx64.o/libxv_common.so(boost::detail::sp_counted_impl_p<boost::program_options::option_description>::dispose()+0x13) [0x779e28ef3d3b]
/opt/vivado/2025.2/Vivado/lib/lnx64.o/libxv_common.so(+0x42fc24) [0x779e28a2fc24]
/opt/vivado/2025.2/Vivado/lib/lnx64.o/libxv_common.so(hdi::tcltasks::options_description::~options_description()+0xe1) [0x779e28fa9bb3]
/lib/x86_64-linux-gnu/libc.so.6(+0x47a76) [0x779e1d647a76]
/lib/x86_64-linux-gnu/libc.so.6(+0x47bbe) [0x779e1d647bbe]
/opt/vivado/2025.2/Vivado/lib/lnx64.o/libxv_synth.so(HARTSInfo::periodicalDetect()+0xfb) [0x779e0c16c8eb]
/opt/vivado/2025.2/Vivado/lib/lnx64.o/libxv_common.so(std::thread::_State_impl<std::thread::_Invoker<std::tuple<void (*)()> > >::_M_run()+0x7) [0x779e28e19fbf]
/opt/vivado/2025.2/Vivado/lib/lnx64.o/Ubuntu/24/libstdc++.so.6(+0xecdb4) [0x779e1deecdb4]
/lib/x86_64-linux-gnu/libc.so.6(+0x9caa4) [0x779e1d69caa4]
/lib/x86_64-linux-gnu/libc.so.6(+0x129c6c) [0x779e1d729c6c]
