#
# An unexpected error has occurred (6) Aborted
#
Stack:
/lib/x86_64-linux-gnu/libc.so.6(+0x45330) [0x738e31245330]
/lib/x86_64-linux-gnu/libc.so.6(pthread_kill+0x11c) [0x738e3129eb2c]
/lib/x86_64-linux-gnu/libc.so.6(gsignal+0x1e) [0x738e3124527e]
/lib/x86_64-linux-gnu/libc.so.6(abort+0xdf) [0x738e312288ff]
/opt/vivado/2025.2/Vivado/lib/lnx64.o/Ubuntu/24/libstdc++.so.6(+0xa5ff5) [0x738e31aa5ff5]
/opt/vivado/2025.2/Vivado/lib/lnx64.o/Ubuntu/24/libstdc++.so.6(+0xbb0da) [0x738e31abb0da]
/opt/vivado/2025.2/Vivado/lib/lnx64.o/Ubuntu/24/libstdc++.so.6(_ZSt10unexpectedv+0) [0x738e31aa5a55]
/opt/vivado/2025.2/Vivado/lib/lnx64.o/libxv_common.so(hdi::tcltasks::detail::collection_wrapper_base::~collection_wrapper_base()+0x27f) [0x738e3c7ff6f5]
/opt/vivado/2025.2/Vivado/lib/lnx64.o/libxv_common.so(+0x7118d5) [0x738e3c9118d5]
/opt/vivado/2025.2/Vivado/lib/lnx64.o/libxv_common.so(hdi::tcltasks::detail::collection_wrapper_base::decr_ref() const+0x27) [0x738e3c7fc7db]
/opt/vivado/2025.2/Vivado/lib/lnx64.o/libxv_tcltasks.so(+0x1109c78) [0x738e2b109c78]
/opt/vivado/2025.2/Vivado/lib/lnx64.o/libxv_tcltasks.so(+0x1104212) [0x738e2b104212]
/opt/vivado/2025.2/Vivado/lib/lnx64.o/libxv_tcltasks.so(+0x1104261) [0x738e2b104261]
/opt/vivado/2025.2/Vivado/lib/lnx64.o/libboost_program_options.so.1.72.0(boost::program_options::option_description::~option_description()+0xd1) [0x738e3d48fbe1]
/opt/vivado/2025.2/Vivado/lib/lnx64.o/libboost_program_options.so.1.72.0(boost::program_options::option_description::~option_description()+0x11) [0x738e3d48fc31]
/opt/vivado/2025.2/Vivado/lib/lnx64.o/libxv_common.so(boost::detail::sp_counted_impl_p<boost::program_options::option_description>::dispose()+0x13) [0x738e3caf3d3b]
/opt/vivado/2025.2/Vivado/lib/lnx64.o/libxv_common.so(+0x42fc24) [0x738e3c62fc24]
/opt/vivado/2025.2/Vivado/lib/lnx64.o/libxv_common.so(hdi::tcltasks::options_description::~options_description()+0xe1) [0x738e3cba9bb3]
/lib/x86_64-linux-gnu/libc.so.6(+0x47a76) [0x738e31247a76]
/lib/x86_64-linux-gnu/libc.so.6(+0x47bbe) [0x738e31247bbe]
/opt/vivado/2025.2/Vivado/lib/lnx64.o/libxv_synth.so(HARTSInfo::periodicalDetect()+0xfb) [0x738e1fd6c8eb]
/opt/vivado/2025.2/Vivado/lib/lnx64.o/libxv_common.so(std::thread::_State_impl<std::thread::_Invoker<std::tuple<void (*)()> > >::_M_run()+0x7) [0x738e3ca19fbf]
/opt/vivado/2025.2/Vivado/lib/lnx64.o/Ubuntu/24/libstdc++.so.6(+0xecdb4) [0x738e31aecdb4]
/lib/x86_64-linux-gnu/libc.so.6(+0x9caa4) [0x738e3129caa4]
/lib/x86_64-linux-gnu/libc.so.6(+0x129c6c) [0x738e31329c6c]
