#
# An unexpected error has occurred (6) Aborted
#
Stack:
/lib/x86_64-linux-gnu/libc.so.6(+0x45330) [0x76fe54445330]
/lib/x86_64-linux-gnu/libc.so.6(pthread_kill+0x11c) [0x76fe5449eb2c]
/lib/x86_64-linux-gnu/libc.so.6(gsignal+0x1e) [0x76fe5444527e]
/lib/x86_64-linux-gnu/libc.so.6(abort+0xdf) [0x76fe544288ff]
/opt/vivado/2025.2/Vivado/lib/lnx64.o/Ubuntu/24/libstdc++.so.6(+0xa5ff5) [0x76fe54ca5ff5]
/opt/vivado/2025.2/Vivado/lib/lnx64.o/Ubuntu/24/libstdc++.so.6(+0xbb0da) [0x76fe54cbb0da]
/opt/vivado/2025.2/Vivado/lib/lnx64.o/Ubuntu/24/libstdc++.so.6(_ZSt10unexpectedv+0) [0x76fe54ca5a55]
/opt/vivado/2025.2/Vivado/lib/lnx64.o/libxv_common.so(hdi::tcltasks::detail::collection_wrapper_base::~collection_wrapper_base()+0x27f) [0x76fe5fbff6f5]
/opt/vivado/2025.2/Vivado/lib/lnx64.o/libxv_common.so(+0x7118d5) [0x76fe5fd118d5]
/opt/vivado/2025.2/Vivado/lib/lnx64.o/libxv_common.so(hdi::tcltasks::detail::collection_wrapper_base::decr_ref() const+0x27) [0x76fe5fbfc7db]
/opt/vivado/2025.2/Vivado/lib/lnx64.o/libxv_tcltasks.so(+0x1109c78) [0x76fe4e309c78]
/opt/vivado/2025.2/Vivado/lib/lnx64.o/libxv_tcltasks.so(+0x1104212) [0x76fe4e304212]
/opt/vivado/2025.2/Vivado/lib/lnx64.o/libxv_tcltasks.so(+0x1104261) [0x76fe4e304261]
/opt/vivado/2025.2/Vivado/lib/lnx64.o/libboost_program_options.so.1.72.0(boost::program_options::option_description::~option_description()+0xd1) [0x76fe5f1ccbe1]
/opt/vivado/2025.2/Vivado/lib/lnx64.o/libboost_program_options.so.1.72.0(boost::program_options::option_description::~option_description()+0x11) [0x76fe5f1ccc31]
/opt/vivado/2025.2/Vivado/lib/lnx64.o/libxv_common.so(boost::detail::sp_counted_impl_p<boost::program_options::option_description>::dispose()+0x13) [0x76fe5fef3d3b]
/opt/vivado/2025.2/Vivado/lib/lnx64.o/libxv_common.so(+0x42fc24) [0x76fe5fa2fc24]
/opt/vivado/2025.2/Vivado/lib/lnx64.o/libxv_common.so(hdi::tcltasks::options_description::~options_description()+0xe1) [0x76fe5ffa9bb3]
/lib/x86_64-linux-gnu/libc.so.6(+0x47a76) [0x76fe54447a76]
/lib/x86_64-linux-gnu/libc.so.6(+0x47bbe) [0x76fe54447bbe]
/opt/vivado/2025.2/Vivado/lib/lnx64.o/libxv_synth.so(HARTSInfo::periodicalDetect()+0xfb) [0x76fe42f6c8eb]
/opt/vivado/2025.2/Vivado/lib/lnx64.o/libxv_common.so(std::thread::_State_impl<std::thread::_Invoker<std::tuple<void (*)()> > >::_M_run()+0x7) [0x76fe5fe19fbf]
/opt/vivado/2025.2/Vivado/lib/lnx64.o/Ubuntu/24/libstdc++.so.6(+0xecdb4) [0x76fe54cecdb4]
/lib/x86_64-linux-gnu/libc.so.6(+0x9caa4) [0x76fe5449caa4]
/lib/x86_64-linux-gnu/libc.so.6(+0x129c6c) [0x76fe54529c6c]
