#-----------------------------------------------------------
# Vivado v2025.2 (64-bit)
# SW Build 6299465 on Fri Nov 14 12:34:56 MST 2025
# IP Build 6300035 on Fri Nov 14 10:48:45 MST 2025
# SharedData Build 6298862 on Thu Nov 13 04:50:51 MST 2025
# Start of session at: Wed May 13 19:56:36 2026
# Process ID         : 2691729
# Current directory  : /home/lch/work/miracle/chiplab/fpga/loongson/2023.2/system_run.runs/mig_axi_32_synth_1
# Command line       : vivado -log mig_axi_32.vds -product Vivado -mode batch -messageDb vivado.pb -notrace -source mig_axi_32.tcl
# Log file           : /home/lch/work/miracle/chiplab/fpga/loongson/2023.2/system_run.runs/mig_axi_32_synth_1/mig_axi_32.vds
# Journal file       : /home/lch/work/miracle/chiplab/fpga/loongson/2023.2/system_run.runs/mig_axi_32_synth_1/vivado.jou
# Running On         : loong-arch-mini
# Platform           : Ubuntu
# Operating System   : Ubuntu 24.04.4 LTS
# Processor Detail   : AMD Ryzen 9 9950X3D 16-Core Processor
# CPU Frequency      : 5351.255 MHz
# CPU Physical cores : 16
# CPU Logical cores  : 32
# Host memory        : 98760 MB
# Swap memory        : 8589 MB
# Total Virtual      : 107350 MB
# Available Virtual  : 97982 MB
#-----------------------------------------------------------
source mig_axi_32.tcl -notrace
