#-----------------------------------------------------------
# Vivado v2023.2 (64-bit)
# SW Build 4029153 on Fri Oct 13 20:14:34 MDT 2023
# IP Build 4028589 on Sat Oct 14 00:45:43 MDT 2023
# SharedData Build 4025554 on Tue Oct 10 17:18:54 MDT 2023
# Start of session at: Thu Apr 30 11:36:07 2026
# Process ID: 7332
# Current directory: D:/ayxtk/chiplab/fpga/loongson/2023.2/system_run.runs/axi_clock_converter_0_synth_1
# Command line: vivado.exe -log axi_clock_converter_0.vds -product Vivado -mode batch -messageDb vivado.pb -notrace -source axi_clock_converter_0.tcl
# Log file: D:/ayxtk/chiplab/fpga/loongson/2023.2/system_run.runs/axi_clock_converter_0_synth_1/axi_clock_converter_0.vds
# Journal file: D:/ayxtk/chiplab/fpga/loongson/2023.2/system_run.runs/axi_clock_converter_0_synth_1\vivado.jou
# Running On: lch-LAPTOP-V8BK1R8N, OS: Windows, CPU Frequency: 3187 MHz, CPU Physical cores: 12, Host memory: 16890 MB
#-----------------------------------------------------------
source axi_clock_converter_0.tcl -notrace
