#-----------------------------------------------------------
# Vivado v2025.2 (64-bit)
# SW Build 6299465 on Fri Nov 14 12:34:56 MST 2025
# IP Build 6300035 on Fri Nov 14 10:48:45 MST 2025
# SharedData Build 6298862 on Thu Nov 13 04:50:51 MST 2025
# Start of session at: Tue Jun 30 17:47:20 2026
# Process ID         : 2698528
# Current directory  : /home/lch/work/miracle/chiplab/fpga/loongson/2023.2/system_run.runs/impl_3
# Command line       : vivado -log soc_top.vdi -applog -product Vivado -messageDb vivado.pb -mode batch -source soc_top.tcl -notrace
# Log file           : /home/lch/work/miracle/chiplab/fpga/loongson/2023.2/system_run.runs/impl_3/soc_top.vdi
# Journal file       : /home/lch/work/miracle/chiplab/fpga/loongson/2023.2/system_run.runs/impl_3/vivado.jou
# Running On         : loong-arch-mini
# Platform           : Ubuntu
# Operating System   : Ubuntu 24.04.4 LTS
# Processor Detail   : AMD Ryzen 9 9950X3D 16-Core Processor
# CPU Frequency      : 624.194 MHz
# CPU Physical cores : 16
# CPU Logical cores  : 32
# Host memory        : 98761 MB
# Swap memory        : 8589 MB
# Total Virtual      : 107351 MB
# Available Virtual  : 91020 MB
#-----------------------------------------------------------
source soc_top.tcl -notrace
