
*** Running vivado
    with args -log data_bank_sram.vds -m64 -product Vivado -mode batch -messageDb vivado.pb -notrace -source data_bank_sram.tcl


****** Vivado v2025.2 (64-bit)
  **** SW Build 6299465 on Fri Nov 14 12:34:56 MST 2025
  **** IP Build 6300035 on Fri Nov 14 10:48:45 MST 2025
  **** SharedData Build 6298862 on Thu Nov 13 04:50:51 MST 2025
  **** Start of session at: Wed May 13 19:56:36 2026
    ** Copyright 1986-2022 Xilinx, Inc. All Rights Reserved.
    ** Copyright 2022-2025 Advanced Micro Devices, Inc. All Rights Reserved.

source data_bank_sram.tcl -notrace
Command: synth_design -top data_bank_sram -part xc7a200tfbg676-2 -incremental_mode off -mode out_of_context
Starting synth_design
Attempting to get a license for feature 'Synthesis' and/or device 'xc7a200t'
INFO: [Common 17-349] Got license for feature 'Synthesis' and/or device 'xc7a200t'
INFO: [Device 21-403] Loading part xc7a200tfbg676-2
INFO: [Synth 8-7079] Multithreading enabled for synth_design using a maximum of 7 processes.
INFO: [Synth 8-7078] Launching helper process for spawning children vivado processes
INFO: [Synth 8-7075] Helper process launched with PID 2692389
---------------------------------------------------------------------------------
Starting RTL Elaboration : Time (s): cpu = 00:00:03 ; elapsed = 00:00:03 . Memory (MB): peak = 2246.270 ; gain = 481.188 ; free physical = 3640 ; free virtual = 83615
---------------------------------------------------------------------------------
INFO: [Synth 8-638] synthesizing module 'data_bank_sram' [/home/lch/work/miracle/chiplab/IP/myCPU/IP/data_bank_sram/synth/data_bank_sram.vhd:70]
	Parameter C_FAMILY bound to: artix7 - type: string 
	Parameter C_XDEVICEFAMILY bound to: artix7 - type: string 
	Parameter C_ELABORATION_DIR bound to: ./ - type: string 
	Parameter C_INTERFACE_TYPE bound to: 0 - type: integer 
	Parameter C_AXI_TYPE bound to: 1 - type: integer 
	Parameter C_AXI_SLAVE_TYPE bound to: 0 - type: integer 
	Parameter C_USE_BRAM_BLOCK bound to: 0 - type: integer 
	Parameter C_ENABLE_32BIT_ADDRESS bound to: 0 - type: integer 
	Parameter C_CTRL_ECC_ALGO bound to: NONE - type: string 
	Parameter C_HAS_AXI_ID bound to: 0 - type: integer 
	Parameter C_AXI_ID_WIDTH bound to: 4 - type: integer 
	Parameter C_MEM_TYPE bound to: 0 - type: integer 
	Parameter C_BYTE_SIZE bound to: 8 - type: integer 
	Parameter C_ALGORITHM bound to: 1 - type: integer 
	Parameter C_PRIM_TYPE bound to: 1 - type: integer 
	Parameter C_LOAD_INIT_FILE bound to: 0 - type: integer 
	Parameter C_INIT_FILE_NAME bound to: no_coe_file_loaded - type: string 
	Parameter C_INIT_FILE bound to: data_bank_sram.mem - type: string 
	Parameter C_USE_DEFAULT_DATA bound to: 0 - type: integer 
	Parameter C_DEFAULT_DATA bound to: 0 - type: string 
	Parameter C_HAS_RSTA bound to: 0 - type: integer 
	Parameter C_RST_PRIORITY_A bound to: CE - type: string 
	Parameter C_RSTRAM_A bound to: 0 - type: integer 
	Parameter C_INITA_VAL bound to: 0 - type: string 
	Parameter C_HAS_ENA bound to: 1 - type: integer 
	Parameter C_HAS_REGCEA bound to: 0 - type: integer 
	Parameter C_USE_BYTE_WEA bound to: 1 - type: integer 
	Parameter C_WEA_WIDTH bound to: 4 - type: integer 
	Parameter C_WRITE_MODE_A bound to: WRITE_FIRST - type: string 
	Parameter C_WRITE_WIDTH_A bound to: 32 - type: integer 
	Parameter C_READ_WIDTH_A bound to: 32 - type: integer 
	Parameter C_WRITE_DEPTH_A bound to: 256 - type: integer 
	Parameter C_READ_DEPTH_A bound to: 256 - type: integer 
	Parameter C_ADDRA_WIDTH bound to: 8 - type: integer 
	Parameter C_HAS_RSTB bound to: 0 - type: integer 
	Parameter C_RST_PRIORITY_B bound to: CE - type: string 
	Parameter C_RSTRAM_B bound to: 0 - type: integer 
	Parameter C_INITB_VAL bound to: 0 - type: string 
	Parameter C_HAS_ENB bound to: 0 - type: integer 
	Parameter C_HAS_REGCEB bound to: 0 - type: integer 
	Parameter C_USE_BYTE_WEB bound to: 1 - type: integer 
	Parameter C_WEB_WIDTH bound to: 4 - type: integer 
	Parameter C_WRITE_MODE_B bound to: WRITE_FIRST - type: string 
	Parameter C_WRITE_WIDTH_B bound to: 32 - type: integer 
	Parameter C_READ_WIDTH_B bound to: 32 - type: integer 
	Parameter C_WRITE_DEPTH_B bound to: 256 - type: integer 
	Parameter C_READ_DEPTH_B bound to: 256 - type: integer 
	Parameter C_ADDRB_WIDTH bound to: 8 - type: integer 
	Parameter C_HAS_MEM_OUTPUT_REGS_A bound to: 0 - type: integer 
	Parameter C_HAS_MEM_OUTPUT_REGS_B bound to: 0 - type: integer 
	Parameter C_HAS_MUX_OUTPUT_REGS_A bound to: 0 - type: integer 
	Parameter C_HAS_MUX_OUTPUT_REGS_B bound to: 0 - type: integer 
	Parameter C_MUX_PIPELINE_STAGES bound to: 0 - type: integer 
	Parameter C_HAS_SOFTECC_INPUT_REGS_A bound to: 0 - type: integer 
	Parameter C_HAS_SOFTECC_OUTPUT_REGS_B bound to: 0 - type: integer 
	Parameter C_USE_SOFTECC bound to: 0 - type: integer 
	Parameter C_USE_ECC bound to: 0 - type: integer 
	Parameter C_EN_ECC_PIPE bound to: 0 - type: integer 
	Parameter C_READ_LATENCY_A bound to: 1 - type: integer 
	Parameter C_READ_LATENCY_B bound to: 1 - type: integer 
	Parameter C_HAS_INJECTERR bound to: 0 - type: integer 
	Parameter C_SIM_COLLISION_CHECK bound to: ALL - type: string 
	Parameter C_COMMON_CLK bound to: 0 - type: integer 
	Parameter C_DISABLE_WARN_BHV_COLL bound to: 0 - type: integer 
	Parameter C_EN_SLEEP_PIN bound to: 0 - type: integer 
	Parameter C_USE_URAM bound to: 0 - type: integer 
	Parameter C_EN_RDADDRA_CHG bound to: 0 - type: integer 
	Parameter C_EN_RDADDRB_CHG bound to: 0 - type: integer 
	Parameter C_EN_DEEPSLEEP_PIN bound to: 0 - type: integer 
	Parameter C_EN_SHUTDOWN_PIN bound to: 0 - type: integer 
	Parameter C_EN_SAFETY_CKT bound to: 0 - type: integer 
	Parameter C_DISABLE_WARN_BHV_RANGE bound to: 0 - type: integer 
	Parameter C_COUNT_36K_BRAM bound to: 0 - type: string 
	Parameter C_COUNT_18K_BRAM bound to: 1 - type: string 
	Parameter C_EST_POWER_SUMMARY bound to: Estimated Power for IP     :     3.53845 mW - type: string 
INFO: [Synth 8-3491] module 'blk_mem_gen_v8_4_12' declared at '/home/lch/work/miracle/chiplab/IP/myCPU/IP/data_bank_sram/hdl/blk_mem_gen_v8_4_vhsyn_rfs.vhd:195209' bound to instance 'U0' of component 'blk_mem_gen_v8_4_12' [/home/lch/work/miracle/chiplab/IP/myCPU/IP/data_bank_sram/synth/data_bank_sram.vhd:238]
INFO: [Synth 8-256] done synthesizing module 'data_bank_sram' (0#1) [/home/lch/work/miracle/chiplab/IP/myCPU/IP/data_bank_sram/synth/data_bank_sram.vhd:70]
INFO: [Synth 8-7129] Port CLKB in module blk_mem_output_block is either unconnected or has no load
INFO: [Synth 8-7129] Port DOUTB_I[31] in module blk_mem_output_block is either unconnected or has no load
INFO: [Synth 8-7129] Port DOUTB_I[30] in module blk_mem_output_block is either unconnected or has no load
INFO: [Synth 8-7129] Port DOUTB_I[29] in module blk_mem_output_block is either unconnected or has no load
INFO: [Synth 8-7129] Port DOUTB_I[28] in module blk_mem_output_block is either unconnected or has no load
INFO: [Synth 8-7129] Port DOUTB_I[27] in module blk_mem_output_block is either unconnected or has no load
INFO: [Synth 8-7129] Port DOUTB_I[26] in module blk_mem_output_block is either unconnected or has no load
INFO: [Synth 8-7129] Port DOUTB_I[25] in module blk_mem_output_block is either unconnected or has no load
INFO: [Synth 8-7129] Port DOUTB_I[24] in module blk_mem_output_block is either unconnected or has no load
INFO: [Synth 8-7129] Port DOUTB_I[23] in module blk_mem_output_block is either unconnected or has no load
INFO: [Synth 8-7129] Port DOUTB_I[22] in module blk_mem_output_block is either unconnected or has no load
INFO: [Synth 8-7129] Port DOUTB_I[21] in module blk_mem_output_block is either unconnected or has no load
INFO: [Synth 8-7129] Port DOUTB_I[20] in module blk_mem_output_block is either unconnected or has no load
INFO: [Synth 8-7129] Port DOUTB_I[19] in module blk_mem_output_block is either unconnected or has no load
INFO: [Synth 8-7129] Port DOUTB_I[18] in module blk_mem_output_block is either unconnected or has no load
INFO: [Synth 8-7129] Port DOUTB_I[17] in module blk_mem_output_block is either unconnected or has no load
INFO: [Synth 8-7129] Port DOUTB_I[16] in module blk_mem_output_block is either unconnected or has no load
INFO: [Synth 8-7129] Port DOUTB_I[15] in module blk_mem_output_block is either unconnected or has no load
INFO: [Synth 8-7129] Port DOUTB_I[14] in module blk_mem_output_block is either unconnected or has no load
INFO: [Synth 8-7129] Port DOUTB_I[13] in module blk_mem_output_block is either unconnected or has no load
INFO: [Synth 8-7129] Port DOUTB_I[12] in module blk_mem_output_block is either unconnected or has no load
INFO: [Synth 8-7129] Port DOUTB_I[11] in module blk_mem_output_block is either unconnected or has no load
INFO: [Synth 8-7129] Port DOUTB_I[10] in module blk_mem_output_block is either unconnected or has no load
INFO: [Synth 8-7129] Port DOUTB_I[9] in module blk_mem_output_block is either unconnected or has no load
INFO: [Synth 8-7129] Port DOUTB_I[8] in module blk_mem_output_block is either unconnected or has no load
INFO: [Synth 8-7129] Port DOUTB_I[7] in module blk_mem_output_block is either unconnected or has no load
INFO: [Synth 8-7129] Port DOUTB_I[6] in module blk_mem_output_block is either unconnected or has no load
INFO: [Synth 8-7129] Port DOUTB_I[5] in module blk_mem_output_block is either unconnected or has no load
INFO: [Synth 8-7129] Port DOUTB_I[4] in module blk_mem_output_block is either unconnected or has no load
INFO: [Synth 8-7129] Port DOUTB_I[3] in module blk_mem_output_block is either unconnected or has no load
INFO: [Synth 8-7129] Port DOUTB_I[2] in module blk_mem_output_block is either unconnected or has no load
INFO: [Synth 8-7129] Port DOUTB_I[1] in module blk_mem_output_block is either unconnected or has no load
INFO: [Synth 8-7129] Port DOUTB_I[0] in module blk_mem_output_block is either unconnected or has no load
INFO: [Synth 8-7129] Port SBITERR_I in module blk_mem_output_block is either unconnected or has no load
INFO: [Synth 8-7129] Port DBITERR_I in module blk_mem_output_block is either unconnected or has no load
INFO: [Synth 8-7129] Port RDADDRECC_I[7] in module blk_mem_output_block is either unconnected or has no load
INFO: [Synth 8-7129] Port RDADDRECC_I[6] in module blk_mem_output_block is either unconnected or has no load
INFO: [Synth 8-7129] Port RDADDRECC_I[5] in module blk_mem_output_block is either unconnected or has no load
INFO: [Synth 8-7129] Port RDADDRECC_I[4] in module blk_mem_output_block is either unconnected or has no load
INFO: [Synth 8-7129] Port RDADDRECC_I[3] in module blk_mem_output_block is either unconnected or has no load
INFO: [Synth 8-7129] Port RDADDRECC_I[2] in module blk_mem_output_block is either unconnected or has no load
INFO: [Synth 8-7129] Port RDADDRECC_I[1] in module blk_mem_output_block is either unconnected or has no load
INFO: [Synth 8-7129] Port RDADDRECC_I[0] in module blk_mem_output_block is either unconnected or has no load
INFO: [Synth 8-7129] Port DOUTB[35] in module blk_mem_gen_prim_wrapper is either unconnected or has no load
INFO: [Synth 8-7129] Port DOUTB[34] in module blk_mem_gen_prim_wrapper is either unconnected or has no load
INFO: [Synth 8-7129] Port DOUTB[33] in module blk_mem_gen_prim_wrapper is either unconnected or has no load
INFO: [Synth 8-7129] Port DOUTB[32] in module blk_mem_gen_prim_wrapper is either unconnected or has no load
INFO: [Synth 8-7129] Port DOUTB[31] in module blk_mem_gen_prim_wrapper is either unconnected or has no load
INFO: [Synth 8-7129] Port DOUTB[30] in module blk_mem_gen_prim_wrapper is either unconnected or has no load
INFO: [Synth 8-7129] Port DOUTB[29] in module blk_mem_gen_prim_wrapper is either unconnected or has no load
INFO: [Synth 8-7129] Port DOUTB[28] in module blk_mem_gen_prim_wrapper is either unconnected or has no load
INFO: [Synth 8-7129] Port DOUTB[27] in module blk_mem_gen_prim_wrapper is either unconnected or has no load
INFO: [Synth 8-7129] Port DOUTB[26] in module blk_mem_gen_prim_wrapper is either unconnected or has no load
INFO: [Synth 8-7129] Port DOUTB[25] in module blk_mem_gen_prim_wrapper is either unconnected or has no load
INFO: [Synth 8-7129] Port DOUTB[24] in module blk_mem_gen_prim_wrapper is either unconnected or has no load
INFO: [Synth 8-7129] Port DOUTB[23] in module blk_mem_gen_prim_wrapper is either unconnected or has no load
INFO: [Synth 8-7129] Port DOUTB[22] in module blk_mem_gen_prim_wrapper is either unconnected or has no load
INFO: [Synth 8-7129] Port DOUTB[21] in module blk_mem_gen_prim_wrapper is either unconnected or has no load
INFO: [Synth 8-7129] Port DOUTB[20] in module blk_mem_gen_prim_wrapper is either unconnected or has no load
INFO: [Synth 8-7129] Port DOUTB[19] in module blk_mem_gen_prim_wrapper is either unconnected or has no load
INFO: [Synth 8-7129] Port DOUTB[18] in module blk_mem_gen_prim_wrapper is either unconnected or has no load
INFO: [Synth 8-7129] Port DOUTB[17] in module blk_mem_gen_prim_wrapper is either unconnected or has no load
INFO: [Synth 8-7129] Port DOUTB[16] in module blk_mem_gen_prim_wrapper is either unconnected or has no load
INFO: [Synth 8-7129] Port DOUTB[15] in module blk_mem_gen_prim_wrapper is either unconnected or has no load
INFO: [Synth 8-7129] Port DOUTB[14] in module blk_mem_gen_prim_wrapper is either unconnected or has no load
INFO: [Synth 8-7129] Port DOUTB[13] in module blk_mem_gen_prim_wrapper is either unconnected or has no load
INFO: [Synth 8-7129] Port DOUTB[12] in module blk_mem_gen_prim_wrapper is either unconnected or has no load
INFO: [Synth 8-7129] Port DOUTB[11] in module blk_mem_gen_prim_wrapper is either unconnected or has no load
INFO: [Synth 8-7129] Port DOUTB[10] in module blk_mem_gen_prim_wrapper is either unconnected or has no load
INFO: [Synth 8-7129] Port DOUTB[9] in module blk_mem_gen_prim_wrapper is either unconnected or has no load
INFO: [Synth 8-7129] Port DOUTB[8] in module blk_mem_gen_prim_wrapper is either unconnected or has no load
INFO: [Synth 8-7129] Port DOUTB[7] in module blk_mem_gen_prim_wrapper is either unconnected or has no load
INFO: [Synth 8-7129] Port DOUTB[6] in module blk_mem_gen_prim_wrapper is either unconnected or has no load
INFO: [Synth 8-7129] Port DOUTB[5] in module blk_mem_gen_prim_wrapper is either unconnected or has no load
INFO: [Synth 8-7129] Port DOUTB[4] in module blk_mem_gen_prim_wrapper is either unconnected or has no load
INFO: [Synth 8-7129] Port DOUTB[3] in module blk_mem_gen_prim_wrapper is either unconnected or has no load
INFO: [Synth 8-7129] Port DOUTB[2] in module blk_mem_gen_prim_wrapper is either unconnected or has no load
INFO: [Synth 8-7129] Port DOUTB[1] in module blk_mem_gen_prim_wrapper is either unconnected or has no load
INFO: [Synth 8-7129] Port DOUTB[0] in module blk_mem_gen_prim_wrapper is either unconnected or has no load
INFO: [Synth 8-7129] Port SBITERR in module blk_mem_gen_prim_wrapper is either unconnected or has no load
INFO: [Synth 8-7129] Port DBITERR in module blk_mem_gen_prim_wrapper is either unconnected or has no load
INFO: [Synth 8-7129] Port SSRA in module blk_mem_gen_prim_wrapper is either unconnected or has no load
INFO: [Synth 8-7129] Port CLKB in module blk_mem_gen_prim_wrapper is either unconnected or has no load
INFO: [Synth 8-7129] Port SSRB in module blk_mem_gen_prim_wrapper is either unconnected or has no load
INFO: [Synth 8-7129] Port ENB in module blk_mem_gen_prim_wrapper is either unconnected or has no load
INFO: [Synth 8-7129] Port REGCEB in module blk_mem_gen_prim_wrapper is either unconnected or has no load
INFO: [Synth 8-7129] Port WEB[3] in module blk_mem_gen_prim_wrapper is either unconnected or has no load
INFO: [Synth 8-7129] Port WEB[2] in module blk_mem_gen_prim_wrapper is either unconnected or has no load
INFO: [Synth 8-7129] Port WEB[1] in module blk_mem_gen_prim_wrapper is either unconnected or has no load
INFO: [Synth 8-7129] Port WEB[0] in module blk_mem_gen_prim_wrapper is either unconnected or has no load
INFO: [Synth 8-7129] Port ADDRB[8] in module blk_mem_gen_prim_wrapper is either unconnected or has no load
INFO: [Synth 8-7129] Port ADDRB[7] in module blk_mem_gen_prim_wrapper is either unconnected or has no load
INFO: [Synth 8-7129] Port ADDRB[6] in module blk_mem_gen_prim_wrapper is either unconnected or has no load
INFO: [Synth 8-7129] Port ADDRB[5] in module blk_mem_gen_prim_wrapper is either unconnected or has no load
INFO: [Synth 8-7129] Port ADDRB[4] in module blk_mem_gen_prim_wrapper is either unconnected or has no load
INFO: [Synth 8-7129] Port ADDRB[3] in module blk_mem_gen_prim_wrapper is either unconnected or has no load
INFO: [Synth 8-7129] Port ADDRB[2] in module blk_mem_gen_prim_wrapper is either unconnected or has no load
INFO: [Synth 8-7129] Port ADDRB[1] in module blk_mem_gen_prim_wrapper is either unconnected or has no load
INFO: [Synth 8-7129] Port ADDRB[0] in module blk_mem_gen_prim_wrapper is either unconnected or has no load
INFO: [Synth 8-7129] Port DINB[35] in module blk_mem_gen_prim_wrapper is either unconnected or has no load
INFO: [Common 17-14] Message 'Synth 8-7129' appears 100 times and further instances of the messages will be disabled. Use the Tcl command set_msg_config to change the current settings.
---------------------------------------------------------------------------------
Finished RTL Elaboration : Time (s): cpu = 00:00:06 ; elapsed = 00:00:06 . Memory (MB): peak = 2544.309 ; gain = 779.227 ; free physical = 2528 ; free virtual = 82509
---------------------------------------------------------------------------------
---------------------------------------------------------------------------------
Start Handling Custom Attributes
---------------------------------------------------------------------------------
---------------------------------------------------------------------------------
Finished Handling Custom Attributes : Time (s): cpu = 00:00:06 ; elapsed = 00:00:06 . Memory (MB): peak = 2544.309 ; gain = 779.227 ; free physical = 2528 ; free virtual = 82509
---------------------------------------------------------------------------------
---------------------------------------------------------------------------------
Finished RTL Optimization Phase 1 : Time (s): cpu = 00:00:06 ; elapsed = 00:00:06 . Memory (MB): peak = 2544.309 ; gain = 779.227 ; free physical = 2528 ; free virtual = 82509
---------------------------------------------------------------------------------
Netlist sorting complete. Time (s): cpu = 00:00:00 ; elapsed = 00:00:00 . Memory (MB): peak = 2544.309 ; gain = 0.000 ; free physical = 2528 ; free virtual = 82513
INFO: [Netlist 29-17] Analyzing 1 Unisim elements for replacement
INFO: [Netlist 29-28] Unisim Transformation completed in 0 CPU seconds
INFO: [Project 1-570] Preparing netlist for logic optimization

Processing XDC Constraints
Initializing timing engine
Parsing XDC File [/home/lch/work/miracle/chiplab/IP/myCPU/IP/data_bank_sram/data_bank_sram_ooc.xdc] for cell 'U0'
Finished Parsing XDC File [/home/lch/work/miracle/chiplab/IP/myCPU/IP/data_bank_sram/data_bank_sram_ooc.xdc] for cell 'U0'
Parsing XDC File [/home/lch/work/miracle/chiplab/fpga/loongson/2023.2/system_run.runs/data_bank_sram_synth_1/dont_touch.xdc]
Finished Parsing XDC File [/home/lch/work/miracle/chiplab/fpga/loongson/2023.2/system_run.runs/data_bank_sram_synth_1/dont_touch.xdc]
Completed Processing XDC Constraints

Netlist sorting complete. Time (s): cpu = 00:00:00 ; elapsed = 00:00:00 . Memory (MB): peak = 2584.328 ; gain = 0.000 ; free physical = 2500 ; free virtual = 82487
INFO: [Project 1-111] Unisim Transformation Summary:
No Unisim elements were transformed.

Constraint Validation Runtime : Time (s): cpu = 00:00:00 ; elapsed = 00:00:00 . Memory (MB): peak = 2584.363 ; gain = 0.000 ; free physical = 2500 ; free virtual = 82487
INFO: [Designutils 20-5008] Incremental synthesis strategy off
---------------------------------------------------------------------------------
Finished Constraint Validation : Time (s): cpu = 00:00:09 ; elapsed = 00:00:10 . Memory (MB): peak = 2584.363 ; gain = 819.281 ; free physical = 2402 ; free virtual = 82393
---------------------------------------------------------------------------------
---------------------------------------------------------------------------------
Start Loading Part and Timing Information
---------------------------------------------------------------------------------
Loading part: xc7a200tfbg676-2
---------------------------------------------------------------------------------
Finished Loading Part and Timing Information : Time (s): cpu = 00:00:09 ; elapsed = 00:00:10 . Memory (MB): peak = 2592.332 ; gain = 827.250 ; free physical = 2402 ; free virtual = 82393
---------------------------------------------------------------------------------
---------------------------------------------------------------------------------
Start Applying 'set_property' XDC Constraints
---------------------------------------------------------------------------------
---------------------------------------------------------------------------------
Finished applying 'set_property' XDC Constraints : Time (s): cpu = 00:00:09 ; elapsed = 00:00:10 . Memory (MB): peak = 2592.332 ; gain = 827.250 ; free physical = 2402 ; free virtual = 82393
---------------------------------------------------------------------------------
---------------------------------------------------------------------------------
Finished RTL Optimization Phase 2 : Time (s): cpu = 00:00:10 ; elapsed = 00:00:10 . Memory (MB): peak = 2592.332 ; gain = 827.250 ; free physical = 2370 ; free virtual = 82362
---------------------------------------------------------------------------------
---------------------------------------------------------------------------------
Start RTL Component Statistics 
---------------------------------------------------------------------------------
---------------------------------------------------------------------------------
Finished RTL Component Statistics 
---------------------------------------------------------------------------------
---------------------------------------------------------------------------------
Start Part Resource Summary
---------------------------------------------------------------------------------
Part Resources:
DSPs: 740 (col length:100)
BRAMs: 730 (col length: RAMB18 100 RAMB36 50)
---------------------------------------------------------------------------------
Finished Part Resource Summary
---------------------------------------------------------------------------------
---------------------------------------------------------------------------------
Start Cross Boundary and Area Optimization
---------------------------------------------------------------------------------
---------------------------------------------------------------------------------
Finished Cross Boundary and Area Optimization : Time (s): cpu = 00:00:10 ; elapsed = 00:00:11 . Memory (MB): peak = 2592.332 ; gain = 827.250 ; free physical = 2224 ; free virtual = 82216
---------------------------------------------------------------------------------
---------------------------------------------------------------------------------
Start Applying XDC Timing Constraints
---------------------------------------------------------------------------------
---------------------------------------------------------------------------------
Finished Applying XDC Timing Constraints : Time (s): cpu = 00:00:12 ; elapsed = 00:00:13 . Memory (MB): peak = 2592.332 ; gain = 827.250 ; free physical = 2375 ; free virtual = 82367
---------------------------------------------------------------------------------
---------------------------------------------------------------------------------
Start Timing Optimization
---------------------------------------------------------------------------------
---------------------------------------------------------------------------------
Finished Timing Optimization : Time (s): cpu = 00:00:12 ; elapsed = 00:00:13 . Memory (MB): peak = 2592.332 ; gain = 827.250 ; free physical = 2375 ; free virtual = 82367
---------------------------------------------------------------------------------
---------------------------------------------------------------------------------
Start Technology Mapping
---------------------------------------------------------------------------------
---------------------------------------------------------------------------------
Finished Technology Mapping : Time (s): cpu = 00:00:12 ; elapsed = 00:00:13 . Memory (MB): peak = 2592.332 ; gain = 827.250 ; free physical = 2375 ; free virtual = 82367
---------------------------------------------------------------------------------
---------------------------------------------------------------------------------
Start IO Insertion
---------------------------------------------------------------------------------
---------------------------------------------------------------------------------
Start Flattening Before IO Insertion
---------------------------------------------------------------------------------
---------------------------------------------------------------------------------
Finished Flattening Before IO Insertion
---------------------------------------------------------------------------------
---------------------------------------------------------------------------------
Start Final Netlist Cleanup
---------------------------------------------------------------------------------
---------------------------------------------------------------------------------
Finished Final Netlist Cleanup
---------------------------------------------------------------------------------
---------------------------------------------------------------------------------
Finished IO Insertion : Time (s): cpu = 00:00:14 ; elapsed = 00:00:14 . Memory (MB): peak = 2707.145 ; gain = 942.062 ; free physical = 5159 ; free virtual = 85153
---------------------------------------------------------------------------------
---------------------------------------------------------------------------------
Start Renaming Generated Instances
---------------------------------------------------------------------------------
---------------------------------------------------------------------------------
Finished Renaming Generated Instances : Time (s): cpu = 00:00:14 ; elapsed = 00:00:14 . Memory (MB): peak = 2707.145 ; gain = 942.062 ; free physical = 5159 ; free virtual = 85153
---------------------------------------------------------------------------------
---------------------------------------------------------------------------------
Start Rebuilding User Hierarchy
---------------------------------------------------------------------------------
---------------------------------------------------------------------------------
Finished Rebuilding User Hierarchy : Time (s): cpu = 00:00:14 ; elapsed = 00:00:14 . Memory (MB): peak = 2707.145 ; gain = 942.062 ; free physical = 5159 ; free virtual = 85153
---------------------------------------------------------------------------------
---------------------------------------------------------------------------------
Start Renaming Generated Ports
---------------------------------------------------------------------------------
---------------------------------------------------------------------------------
Finished Renaming Generated Ports : Time (s): cpu = 00:00:14 ; elapsed = 00:00:14 . Memory (MB): peak = 2707.145 ; gain = 942.062 ; free physical = 5159 ; free virtual = 85153
---------------------------------------------------------------------------------
---------------------------------------------------------------------------------
Start Handling Custom Attributes
---------------------------------------------------------------------------------
---------------------------------------------------------------------------------
Finished Handling Custom Attributes : Time (s): cpu = 00:00:14 ; elapsed = 00:00:14 . Memory (MB): peak = 2707.145 ; gain = 942.062 ; free physical = 5159 ; free virtual = 85153
---------------------------------------------------------------------------------
---------------------------------------------------------------------------------
Start Renaming Generated Nets
---------------------------------------------------------------------------------
---------------------------------------------------------------------------------
Finished Renaming Generated Nets : Time (s): cpu = 00:00:14 ; elapsed = 00:00:14 . Memory (MB): peak = 2707.145 ; gain = 942.062 ; free physical = 5159 ; free virtual = 85153
---------------------------------------------------------------------------------
---------------------------------------------------------------------------------
Start Writing Synthesis Report
---------------------------------------------------------------------------------

Report BlackBoxes: 
+-+--------------+----------+
| |BlackBox name |Instances |
+-+--------------+----------+
+-+--------------+----------+

Report Cell Usage: 
+------+---------+------+
|      |Cell     |Count |
+------+---------+------+
|1     |RAMB18E1 |     1|
+------+---------+------+
---------------------------------------------------------------------------------
Finished Writing Synthesis Report : Time (s): cpu = 00:00:14 ; elapsed = 00:00:14 . Memory (MB): peak = 2707.145 ; gain = 942.062 ; free physical = 5159 ; free virtual = 85153
---------------------------------------------------------------------------------
Synthesis finished with 0 errors, 0 critical warnings and 0 warnings.
Synthesis Optimization Runtime : Time (s): cpu = 00:00:13 ; elapsed = 00:00:13 . Memory (MB): peak = 2707.145 ; gain = 902.008 ; free physical = 5332 ; free virtual = 85326
Synthesis Optimization Complete : Time (s): cpu = 00:00:14 ; elapsed = 00:00:15 . Memory (MB): peak = 2707.152 ; gain = 942.062 ; free physical = 5332 ; free virtual = 85326
INFO: [Project 1-571] Translating synthesized netlist
Netlist sorting complete. Time (s): cpu = 00:00:00.01 ; elapsed = 00:00:00 . Memory (MB): peak = 2707.152 ; gain = 0.000 ; free physical = 5332 ; free virtual = 85326
INFO: [Netlist 29-17] Analyzing 1 Unisim elements for replacement
INFO: [Netlist 29-28] Unisim Transformation completed in 0 CPU seconds
INFO: [Project 1-570] Preparing netlist for logic optimization
INFO: [Opt 31-138] Pushed 0 inverter(s) to 0 load pin(s).
Netlist sorting complete. Time (s): cpu = 00:00:00 ; elapsed = 00:00:00 . Memory (MB): peak = 2707.152 ; gain = 0.000 ; free physical = 5418 ; free virtual = 85412
INFO: [Project 1-111] Unisim Transformation Summary:
No Unisim elements were transformed.

Synth Design complete | Checksum: 981b1229
INFO: [Common 17-83] Releasing license: Synthesis
121 Infos, 0 Warnings, 0 Critical Warnings and 0 Errors encountered.
synth_design completed successfully
synth_design: Time (s): cpu = 00:00:17 ; elapsed = 00:00:17 . Memory (MB): peak = 2707.180 ; gain = 1085.215 ; free physical = 5591 ; free virtual = 85585
INFO: [Common 17-2834] synth_design peak Physical Memory [PSS] (MB): overall = 1691.131; main = 1632.554; forked = 189.692
INFO: [Common 17-2834] synth_design peak Virtual Memory [VSS] (MB): overall = 3586.559; main = 2707.148; forked = 994.223
INFO: [Common 17-1381] The checkpoint '/home/lch/work/miracle/chiplab/fpga/loongson/2023.2/system_run.runs/data_bank_sram_synth_1/data_bank_sram.dcp' has been generated.
INFO: [Coretcl 2-1648] Added synthesis output to IP cache for IP data_bank_sram, cache-ID = 9c835056e78ec2a1
INFO: [Coretcl 2-1174] Renamed 6 cell refs.
INFO: [Common 17-1381] The checkpoint '/home/lch/work/miracle/chiplab/fpga/loongson/2023.2/system_run.runs/data_bank_sram_synth_1/data_bank_sram.dcp' has been generated.
INFO: [Vivado 12-24828] Executing command : report_utilization -file data_bank_sram_utilization_synth.rpt -pb data_bank_sram_utilization_synth.pb
INFO: [Common 17-206] Exiting Vivado at Wed May 13 19:56:56 2026...
