Copyright 1986-2022 Xilinx, Inc. All Rights Reserved. Copyright 2022-2025 Advanced Micro Devices, Inc. All Rights Reserved.
-----------------------------------------------------------------------------------------------------------------------------------------------------------
| Tool Version : Vivado v.2025.2 (lin64) Build 6299465 Fri Nov 14 12:34:56 MST 2025
| Date         : Fri Jul  3 13:38:43 2026
| Host         : loong-arch-mini running 64-bit Ubuntu 24.04.4 LTS
| Command      : report_methodology -file soc_top_methodology_drc_routed.rpt -pb soc_top_methodology_drc_routed.pb -rpx soc_top_methodology_drc_routed.rpx
| Design       : soc_top
| Device       : xc7a200tfbg676-2
| Speed File   : -2
| Design State : Fully Routed
-----------------------------------------------------------------------------------------------------------------------------------------------------------

Report Methodology

Table of Contents
-----------------
1. REPORT SUMMARY
2. REPORT DETAILS

1. REPORT SUMMARY
-----------------
            Netlist: netlist
          Floorplan: design_1
      Design limits: <entire design considered>
             Max checks: <unlimited>
             Checks found: 92
+-----------+------------------+-------------------------------------------------------------------------------------------------------+--------+
| Rule      | Severity         | Description                                                                                           | Checks |
+-----------+------------------+-------------------------------------------------------------------------------------------------------+--------+
| TIMING-6  | Critical Warning | No common primary clock between related clocks                                                        | 2      |
| TIMING-7  | Critical Warning | No common node between related clocks                                                                 | 2      |
| LUTAR-1   | Warning          | LUT drives async reset alert                                                                          | 1      |
| PDRC-190  | Warning          | Suboptimally placed synchronized register chain                                                       | 12     |
| SYNTH-5   | Warning          | Mapped onto distributed RAM because of timing constraints                                             | 8      |
| TIMING-9  | Warning          | Unknown CDC Logic                                                                                     | 1      |
| TIMING-10 | Warning          | Missing property on synchronizer                                                                      | 1      |
| TIMING-18 | Warning          | Missing input or output delay                                                                         | 16     |
| TIMING-24 | Warning          | Overridden Max delay datapath only                                                                    | 10     |
| TIMING-28 | Warning          | Auto-derived clock referenced by a timing constraint                                                  | 14     |
| TIMING-47 | Warning          | False path, asynchronous clock group or max delay datapath only constraint between synchronous clocks | 5      |
| XDCB-5    | Warning          | Runtime inefficient way to find pin objects                                                           | 1      |
| REQP-1959 | Advisory         | connects_SERDES_RST_driver_not_FF                                                                     | 16     |
| RTGT-1    | Advisory         | RAM retargeting possibility                                                                           | 3      |
+-----------+------------------+-------------------------------------------------------------------------------------------------------+--------+

2. REPORT DETAILS
-----------------
TIMING-6#1 Critical Warning
No common primary clock between related clocks  
The clocks clk_pll_i and mrxclk_0 are related (timed together) but they have no common primary clock. The design could fail in hardware. To find a timing path between these clocks, run the following command: report_timing -from [get_clocks clk_pll_i] -to [get_clocks mrxclk_0]
Related violations: <none>

TIMING-6#2 Critical Warning
No common primary clock between related clocks  
The clocks clk_pll_i and mtxclk_0 are related (timed together) but they have no common primary clock. The design could fail in hardware. To find a timing path between these clocks, run the following command: report_timing -from [get_clocks clk_pll_i] -to [get_clocks mtxclk_0]
Related violations: <none>

TIMING-7#1 Critical Warning
No common node between related clocks  
The clocks clk_pll_i and mrxclk_0 are related (timed together) but they have no common node. The design could fail in hardware. To find a timing path between these clocks, run the following command: report_timing -from [get_clocks clk_pll_i] -to [get_clocks mrxclk_0]
Related violations: <none>

TIMING-7#2 Critical Warning
No common node between related clocks  
The clocks clk_pll_i and mtxclk_0 are related (timed together) but they have no common node. The design could fail in hardware. To find a timing path between these clocks, run the following command: report_timing -from [get_clocks clk_pll_i] -to [get_clocks mtxclk_0]
Related violations: <none>

LUTAR-1#1 Warning
LUT drives async reset alert  
LUT cell mig_axi/u_mig_axi_32_mig/u_iodelay_ctrl/rstdiv2_sync_r[11]_i_1, with 2 or more inputs, drives asynchronous preset/clear pin(s) mig_axi/u_mig_axi_32_mig/u_ddr3_infrastructure/rstdiv0_sync_r1_reg_rep__7/PRE,
mig_axi/u_mig_axi_32_mig/u_ddr3_infrastructure/rstdiv0_sync_r1_reg_rep__8/PRE,
mig_axi/u_mig_axi_32_mig/u_ddr3_infrastructure/rstdiv0_sync_r1_reg_rep__9/PRE,
mig_axi/u_mig_axi_32_mig/u_ddr3_infrastructure/rstdiv0_sync_r_reg[0]/PRE,
mig_axi/u_mig_axi_32_mig/u_ddr3_infrastructure/rstdiv0_sync_r_reg[10]/PRE,
mig_axi/u_mig_axi_32_mig/u_ddr3_infrastructure/rstdiv0_sync_r_reg[11]/PRE,
mig_axi/u_mig_axi_32_mig/u_ddr3_infrastructure/rstdiv0_sync_r_reg[1]/PRE,
mig_axi/u_mig_axi_32_mig/u_ddr3_infrastructure/rstdiv0_sync_r_reg[2]/PRE,
mig_axi/u_mig_axi_32_mig/u_ddr3_infrastructure/rstdiv0_sync_r_reg[3]/PRE,
mig_axi/u_mig_axi_32_mig/u_ddr3_infrastructure/rstdiv0_sync_r_reg[4]/PRE,
mig_axi/u_mig_axi_32_mig/u_ddr3_infrastructure/rstdiv0_sync_r_reg[5]/PRE,
mig_axi/u_mig_axi_32_mig/u_ddr3_infrastructure/rstdiv0_sync_r_reg[6]/PRE,
mig_axi/u_mig_axi_32_mig/u_ddr3_infrastructure/rstdiv0_sync_r_reg[7]/PRE,
mig_axi/u_mig_axi_32_mig/u_ddr3_infrastructure/rstdiv0_sync_r_reg[8]/PRE,
mig_axi/u_mig_axi_32_mig/u_ddr3_infrastructure/rstdiv0_sync_r_reg[9]/PRE
 (the first 15 of 33 listed). The LUT may glitch and trigger an unexpected reset, even if it is a properly timed path.
Related violations: <none>

PDRC-190#1 Warning
Suboptimally placed synchronized register chain  
The FDRE cell mig_axi/u_mig_axi_32_mig/temp_mon_enabled.u_tempmon/device_temp_sync_r5_reg[0] in site SLICE_X5Y176 is part of a synchronized register chain that is suboptimally placed as the load FDRE cell mig_axi/u_mig_axi_32_mig/temp_mon_enabled.u_tempmon/device_temp_r_reg[0] is not placed in the same (SLICE) site.
Related violations: <none>

PDRC-190#2 Warning
Suboptimally placed synchronized register chain  
The FDRE cell mig_axi/u_mig_axi_32_mig/temp_mon_enabled.u_tempmon/device_temp_sync_r5_reg[10] in site SLICE_X10Y176 is part of a synchronized register chain that is suboptimally placed as the load FDRE cell mig_axi/u_mig_axi_32_mig/temp_mon_enabled.u_tempmon/device_temp_r_reg[10] is not placed in the same (SLICE) site.
Related violations: <none>

PDRC-190#3 Warning
Suboptimally placed synchronized register chain  
The FDRE cell mig_axi/u_mig_axi_32_mig/temp_mon_enabled.u_tempmon/device_temp_sync_r5_reg[11] in site SLICE_X6Y177 is part of a synchronized register chain that is suboptimally placed as the load FDRE cell mig_axi/u_mig_axi_32_mig/temp_mon_enabled.u_tempmon/device_temp_r_reg[11] is not placed in the same (SLICE) site.
Related violations: <none>

PDRC-190#4 Warning
Suboptimally placed synchronized register chain  
The FDRE cell mig_axi/u_mig_axi_32_mig/temp_mon_enabled.u_tempmon/device_temp_sync_r5_reg[1] in site SLICE_X7Y174 is part of a synchronized register chain that is suboptimally placed as the load FDRE cell mig_axi/u_mig_axi_32_mig/temp_mon_enabled.u_tempmon/device_temp_r_reg[1] is not placed in the same (SLICE) site.
Related violations: <none>

PDRC-190#5 Warning
Suboptimally placed synchronized register chain  
The FDRE cell mig_axi/u_mig_axi_32_mig/temp_mon_enabled.u_tempmon/device_temp_sync_r5_reg[2] in site SLICE_X7Y179 is part of a synchronized register chain that is suboptimally placed as the load FDRE cell mig_axi/u_mig_axi_32_mig/temp_mon_enabled.u_tempmon/device_temp_r_reg[2] is not placed in the same (SLICE) site.
Related violations: <none>

PDRC-190#6 Warning
Suboptimally placed synchronized register chain  
The FDRE cell mig_axi/u_mig_axi_32_mig/temp_mon_enabled.u_tempmon/device_temp_sync_r5_reg[3] in site SLICE_X8Y175 is part of a synchronized register chain that is suboptimally placed as the load FDRE cell mig_axi/u_mig_axi_32_mig/temp_mon_enabled.u_tempmon/device_temp_r_reg[3] is not placed in the same (SLICE) site.
Related violations: <none>

PDRC-190#7 Warning
Suboptimally placed synchronized register chain  
The FDRE cell mig_axi/u_mig_axi_32_mig/temp_mon_enabled.u_tempmon/device_temp_sync_r5_reg[4] in site SLICE_X6Y175 is part of a synchronized register chain that is suboptimally placed as the load FDRE cell mig_axi/u_mig_axi_32_mig/temp_mon_enabled.u_tempmon/device_temp_r_reg[4] is not placed in the same (SLICE) site.
Related violations: <none>

PDRC-190#8 Warning
Suboptimally placed synchronized register chain  
The FDRE cell mig_axi/u_mig_axi_32_mig/temp_mon_enabled.u_tempmon/device_temp_sync_r5_reg[5] in site SLICE_X9Y175 is part of a synchronized register chain that is suboptimally placed as the load FDRE cell mig_axi/u_mig_axi_32_mig/temp_mon_enabled.u_tempmon/device_temp_r_reg[5] is not placed in the same (SLICE) site.
Related violations: <none>

PDRC-190#9 Warning
Suboptimally placed synchronized register chain  
The FDRE cell mig_axi/u_mig_axi_32_mig/temp_mon_enabled.u_tempmon/device_temp_sync_r5_reg[6] in site SLICE_X7Y177 is part of a synchronized register chain that is suboptimally placed as the load FDRE cell mig_axi/u_mig_axi_32_mig/temp_mon_enabled.u_tempmon/device_temp_r_reg[6] is not placed in the same (SLICE) site.
Related violations: <none>

PDRC-190#10 Warning
Suboptimally placed synchronized register chain  
The FDRE cell mig_axi/u_mig_axi_32_mig/temp_mon_enabled.u_tempmon/device_temp_sync_r5_reg[7] in site SLICE_X11Y176 is part of a synchronized register chain that is suboptimally placed as the load FDRE cell mig_axi/u_mig_axi_32_mig/temp_mon_enabled.u_tempmon/device_temp_r_reg[7] is not placed in the same (SLICE) site.
Related violations: <none>

PDRC-190#11 Warning
Suboptimally placed synchronized register chain  
The FDRE cell mig_axi/u_mig_axi_32_mig/temp_mon_enabled.u_tempmon/device_temp_sync_r5_reg[8] in site SLICE_X9Y177 is part of a synchronized register chain that is suboptimally placed as the load FDRE cell mig_axi/u_mig_axi_32_mig/temp_mon_enabled.u_tempmon/device_temp_r_reg[8] is not placed in the same (SLICE) site.
Related violations: <none>

PDRC-190#12 Warning
Suboptimally placed synchronized register chain  
The FDRE cell mig_axi/u_mig_axi_32_mig/temp_mon_enabled.u_tempmon/device_temp_sync_r5_reg[9] in site SLICE_X8Y177 is part of a synchronized register chain that is suboptimally placed as the load FDRE cell mig_axi/u_mig_axi_32_mig/temp_mon_enabled.u_tempmon/device_temp_r_reg[9] is not placed in the same (SLICE) site.
Related violations: <none>

SYNTH-5#1 Warning
Mapped onto distributed RAM because of timing constraints  
The instance cpu_mid/dcache/way_d_reg_reg_r1_0_127_0_0 is implemented as distributed LUT RAM for the following reason: The timing constraints suggest that the chosen mapping will yield a better timing.
Related violations: <none>

SYNTH-5#2 Warning
Mapped onto distributed RAM because of timing constraints  
The instance cpu_mid/dcache/way_d_reg_reg_r1_0_127_1_1 is implemented as distributed LUT RAM for the following reason: The timing constraints suggest that the chosen mapping will yield a better timing.
Related violations: <none>

SYNTH-5#3 Warning
Mapped onto distributed RAM because of timing constraints  
The instance cpu_mid/dcache/way_d_reg_reg_r1_128_255_0_0 is implemented as distributed LUT RAM for the following reason: The timing constraints suggest that the chosen mapping will yield a better timing.
Related violations: <none>

SYNTH-5#4 Warning
Mapped onto distributed RAM because of timing constraints  
The instance cpu_mid/dcache/way_d_reg_reg_r1_128_255_1_1 is implemented as distributed LUT RAM for the following reason: The timing constraints suggest that the chosen mapping will yield a better timing.
Related violations: <none>

SYNTH-5#5 Warning
Mapped onto distributed RAM because of timing constraints  
The instance cpu_mid/dcache/way_d_reg_reg_r2_0_127_0_0 is implemented as distributed LUT RAM for the following reason: The timing constraints suggest that the chosen mapping will yield a better timing.
Related violations: <none>

SYNTH-5#6 Warning
Mapped onto distributed RAM because of timing constraints  
The instance cpu_mid/dcache/way_d_reg_reg_r2_0_127_1_1 is implemented as distributed LUT RAM for the following reason: The timing constraints suggest that the chosen mapping will yield a better timing.
Related violations: <none>

SYNTH-5#7 Warning
Mapped onto distributed RAM because of timing constraints  
The instance cpu_mid/dcache/way_d_reg_reg_r2_128_255_0_0 is implemented as distributed LUT RAM for the following reason: The timing constraints suggest that the chosen mapping will yield a better timing.
Related violations: <none>

SYNTH-5#8 Warning
Mapped onto distributed RAM because of timing constraints  
The instance cpu_mid/dcache/way_d_reg_reg_r2_128_255_1_1 is implemented as distributed LUT RAM for the following reason: The timing constraints suggest that the chosen mapping will yield a better timing.
Related violations: <none>

TIMING-9#1 Warning
Unknown CDC Logic  
One or more asynchronous Clock Domain Crossing has been detected between 2 clock domains through a set_false_path or a set_clock_groups or set_max_delay -datapath_only constraint but no double-registers logic synchronizer has been found on the side of the capture clock. It is recommended to run report_cdc for a complete and detailed CDC coverage. Please consider using XPM_CDC to avoid Critical severities
Related violations: <none>

TIMING-10#1 Warning
Missing property on synchronizer  
One or more logic synchronizer has been detected between 2 clock domains but the synchronizer does not have the property ASYNC_REG defined on one or both registers. It is recommended to run report_cdc for a complete and detailed CDC coverage
Related violations: <none>

TIMING-18#1 Warning
Missing input or output delay  
An input delay is missing on mcoll_0 relative to the rising and/or falling clock edge(s) of mrxclk_0, mtxclk_0.
Related violations: <none>

TIMING-18#2 Warning
Missing input or output delay  
An input delay is missing on mcrs_0 relative to the rising and/or falling clock edge(s) of mtxclk_0.
Related violations: <none>

TIMING-18#3 Warning
Missing input or output delay  
An input delay is missing on mrxd_0[0] relative to the rising and/or falling clock edge(s) of mrxclk_0.
Related violations: <none>

TIMING-18#4 Warning
Missing input or output delay  
An input delay is missing on mrxd_0[1] relative to the rising and/or falling clock edge(s) of mrxclk_0.
Related violations: <none>

TIMING-18#5 Warning
Missing input or output delay  
An input delay is missing on mrxd_0[2] relative to the rising and/or falling clock edge(s) of mrxclk_0.
Related violations: <none>

TIMING-18#6 Warning
Missing input or output delay  
An input delay is missing on mrxd_0[3] relative to the rising and/or falling clock edge(s) of mrxclk_0.
Related violations: <none>

TIMING-18#7 Warning
Missing input or output delay  
An input delay is missing on mrxdv_0 relative to the rising and/or falling clock edge(s) of mrxclk_0.
Related violations: <none>

TIMING-18#8 Warning
Missing input or output delay  
An input delay is missing on mrxerr_0 relative to the rising and/or falling clock edge(s) of mrxclk_0.
Related violations: <none>

TIMING-18#9 Warning
Missing input or output delay  
An input delay is missing on resetn relative to the rising and/or falling clock edge(s) of clk.
Related violations: <none>

TIMING-18#10 Warning
Missing input or output delay  
An output delay is missing on ddr3_reset_n relative to the rising and/or falling clock edge(s) of clk.
Related violations: <none>

TIMING-18#11 Warning
Missing input or output delay  
An output delay is missing on mtxd_0[0] relative to the rising and/or falling clock edge(s) of mtxclk_0.
Related violations: <none>

TIMING-18#12 Warning
Missing input or output delay  
An output delay is missing on mtxd_0[1] relative to the rising and/or falling clock edge(s) of mtxclk_0.
Related violations: <none>

TIMING-18#13 Warning
Missing input or output delay  
An output delay is missing on mtxd_0[2] relative to the rising and/or falling clock edge(s) of mtxclk_0.
Related violations: <none>

TIMING-18#14 Warning
Missing input or output delay  
An output delay is missing on mtxd_0[3] relative to the rising and/or falling clock edge(s) of mtxclk_0.
Related violations: <none>

TIMING-18#15 Warning
Missing input or output delay  
An output delay is missing on mtxen_0 relative to the rising and/or falling clock edge(s) of mtxclk_0.
Related violations: <none>

TIMING-18#16 Warning
Missing input or output delay  
An output delay is missing on phy_rstn relative to the rising and/or falling clock edge(s) of clk.
Related violations: <none>

TIMING-24#1 Warning
Overridden Max delay datapath only  
An asynchronous set_clock_groups or a set_false path (see constraint position 16 in the Timing Constraints window in Vivado IDE) between clocks clk_out2_clk_pll_33 and clk_out1_clk_pll_33 overrides a set_max_delay -datapath_only (position 35). It is not recommended to override a set_max_delay -datapath_only constraint. Replace the set_clock_groups or set_false_path between clocks with point-to-point set_false_path constraints
Related violations: <none>

TIMING-24#2 Warning
Overridden Max delay datapath only  
An asynchronous set_clock_groups or a set_false path (see constraint position 16 in the Timing Constraints window in Vivado IDE) between clocks clk_out2_clk_pll_33 and clk_out1_clk_pll_33 overrides a set_max_delay -datapath_only (position 37). It is not recommended to override a set_max_delay -datapath_only constraint. Replace the set_clock_groups or set_false_path between clocks with point-to-point set_false_path constraints
Related violations: <none>

TIMING-24#3 Warning
Overridden Max delay datapath only  
An asynchronous set_clock_groups or a set_false path (see constraint position 16 in the Timing Constraints window in Vivado IDE) between clocks clk_out2_clk_pll_33 and clk_out1_clk_pll_33 overrides a set_max_delay -datapath_only (position 41). It is not recommended to override a set_max_delay -datapath_only constraint. Replace the set_clock_groups or set_false_path between clocks with point-to-point set_false_path constraints
Related violations: <none>

TIMING-24#4 Warning
Overridden Max delay datapath only  
An asynchronous set_clock_groups or a set_false path (see constraint position 16 in the Timing Constraints window in Vivado IDE) between clocks clk_out2_clk_pll_33 and clk_out1_clk_pll_33 overrides a set_max_delay -datapath_only (position 43). It is not recommended to override a set_max_delay -datapath_only constraint. Replace the set_clock_groups or set_false_path between clocks with point-to-point set_false_path constraints
Related violations: <none>

TIMING-24#5 Warning
Overridden Max delay datapath only  
An asynchronous set_clock_groups or a set_false path (see constraint position 16 in the Timing Constraints window in Vivado IDE) between clocks clk_out2_clk_pll_33 and clk_out1_clk_pll_33 overrides a set_max_delay -datapath_only (position 47). It is not recommended to override a set_max_delay -datapath_only constraint. Replace the set_clock_groups or set_false_path between clocks with point-to-point set_false_path constraints
Related violations: <none>

TIMING-24#6 Warning
Overridden Max delay datapath only  
An asynchronous set_clock_groups or a set_false path (see constraint position 17 in the Timing Constraints window in Vivado IDE) between clocks clk_out1_clk_pll_33 and clk_out2_clk_pll_33 overrides a set_max_delay -datapath_only (position 33). It is not recommended to override a set_max_delay -datapath_only constraint. Replace the set_clock_groups or set_false_path between clocks with point-to-point set_false_path constraints
Related violations: <none>

TIMING-24#7 Warning
Overridden Max delay datapath only  
An asynchronous set_clock_groups or a set_false path (see constraint position 17 in the Timing Constraints window in Vivado IDE) between clocks clk_out1_clk_pll_33 and clk_out2_clk_pll_33 overrides a set_max_delay -datapath_only (position 39). It is not recommended to override a set_max_delay -datapath_only constraint. Replace the set_clock_groups or set_false_path between clocks with point-to-point set_false_path constraints
Related violations: <none>

TIMING-24#8 Warning
Overridden Max delay datapath only  
An asynchronous set_clock_groups or a set_false path (see constraint position 17 in the Timing Constraints window in Vivado IDE) between clocks clk_out1_clk_pll_33 and clk_out2_clk_pll_33 overrides a set_max_delay -datapath_only (position 45). It is not recommended to override a set_max_delay -datapath_only constraint. Replace the set_clock_groups or set_false_path between clocks with point-to-point set_false_path constraints
Related violations: <none>

TIMING-24#9 Warning
Overridden Max delay datapath only  
An asynchronous set_clock_groups or a set_false path (see constraint position 17 in the Timing Constraints window in Vivado IDE) between clocks clk_out1_clk_pll_33 and clk_out2_clk_pll_33 overrides a set_max_delay -datapath_only (position 49). It is not recommended to override a set_max_delay -datapath_only constraint. Replace the set_clock_groups or set_false_path between clocks with point-to-point set_false_path constraints
Related violations: <none>

TIMING-24#10 Warning
Overridden Max delay datapath only  
An asynchronous set_clock_groups or a set_false path (see constraint position 17 in the Timing Constraints window in Vivado IDE) between clocks clk_out1_clk_pll_33 and clk_out2_clk_pll_33 overrides a set_max_delay -datapath_only (position 51). It is not recommended to override a set_max_delay -datapath_only constraint. Replace the set_clock_groups or set_false_path between clocks with point-to-point set_false_path constraints
Related violations: <none>

TIMING-28#1 Warning
Auto-derived clock referenced by a timing constraint  
The auto-derived clock clk_out1_clk_pll_33 is referenced by name inside timing constraint (see constraint position 13 in the Timing Constraint window in Vivado IDE). It is recommended to reference an auto-derived clock by the pin name attached to the clock: get_clocks -of_objects [get_pins clk_pll_33/inst/plle2_adv_inst/CLKOUT0]
Related violations: <none>

TIMING-28#2 Warning
Auto-derived clock referenced by a timing constraint  
The auto-derived clock clk_out1_clk_pll_33 is referenced by name inside timing constraint (see constraint position 16 in the Timing Constraint window in Vivado IDE). It is recommended to reference an auto-derived clock by the pin name attached to the clock: get_clocks -of_objects [get_pins clk_pll_33/inst/plle2_adv_inst/CLKOUT0]
Related violations: <none>

TIMING-28#3 Warning
Auto-derived clock referenced by a timing constraint  
The auto-derived clock clk_out1_clk_pll_33 is referenced by name inside timing constraint (see constraint position 17 in the Timing Constraint window in Vivado IDE). It is recommended to reference an auto-derived clock by the pin name attached to the clock: get_clocks -of_objects [get_pins clk_pll_33/inst/plle2_adv_inst/CLKOUT0]
Related violations: <none>

TIMING-28#4 Warning
Auto-derived clock referenced by a timing constraint  
The auto-derived clock clk_out2_clk_pll_33 is referenced by name inside timing constraint (see constraint position 11 in the Timing Constraint window in Vivado IDE). It is recommended to reference an auto-derived clock by the pin name attached to the clock: get_clocks -of_objects [get_pins clk_pll_33/inst/plle2_adv_inst/CLKOUT1]
Related violations: <none>

TIMING-28#5 Warning
Auto-derived clock referenced by a timing constraint  
The auto-derived clock clk_out2_clk_pll_33 is referenced by name inside timing constraint (see constraint position 12 in the Timing Constraint window in Vivado IDE). It is recommended to reference an auto-derived clock by the pin name attached to the clock: get_clocks -of_objects [get_pins clk_pll_33/inst/plle2_adv_inst/CLKOUT1]
Related violations: <none>

TIMING-28#6 Warning
Auto-derived clock referenced by a timing constraint  
The auto-derived clock clk_out2_clk_pll_33 is referenced by name inside timing constraint (see constraint position 14 in the Timing Constraint window in Vivado IDE). It is recommended to reference an auto-derived clock by the pin name attached to the clock: get_clocks -of_objects [get_pins clk_pll_33/inst/plle2_adv_inst/CLKOUT1]
Related violations: <none>

TIMING-28#7 Warning
Auto-derived clock referenced by a timing constraint  
The auto-derived clock clk_out2_clk_pll_33 is referenced by name inside timing constraint (see constraint position 15 in the Timing Constraint window in Vivado IDE). It is recommended to reference an auto-derived clock by the pin name attached to the clock: get_clocks -of_objects [get_pins clk_pll_33/inst/plle2_adv_inst/CLKOUT1]
Related violations: <none>

TIMING-28#8 Warning
Auto-derived clock referenced by a timing constraint  
The auto-derived clock clk_out2_clk_pll_33 is referenced by name inside timing constraint (see constraint position 16 in the Timing Constraint window in Vivado IDE). It is recommended to reference an auto-derived clock by the pin name attached to the clock: get_clocks -of_objects [get_pins clk_pll_33/inst/plle2_adv_inst/CLKOUT1]
Related violations: <none>

TIMING-28#9 Warning
Auto-derived clock referenced by a timing constraint  
The auto-derived clock clk_out2_clk_pll_33 is referenced by name inside timing constraint (see constraint position 17 in the Timing Constraint window in Vivado IDE). It is recommended to reference an auto-derived clock by the pin name attached to the clock: get_clocks -of_objects [get_pins clk_pll_33/inst/plle2_adv_inst/CLKOUT1]
Related violations: <none>

TIMING-28#10 Warning
Auto-derived clock referenced by a timing constraint  
The auto-derived clock clk_out2_clk_pll_33 is referenced by name inside timing constraint (see constraint position 18 in the Timing Constraint window in Vivado IDE). It is recommended to reference an auto-derived clock by the pin name attached to the clock: get_clocks -of_objects [get_pins clk_pll_33/inst/plle2_adv_inst/CLKOUT1]
Related violations: <none>

TIMING-28#11 Warning
Auto-derived clock referenced by a timing constraint  
The auto-derived clock clk_out2_clk_pll_33 is referenced by name inside timing constraint (see constraint position 19 in the Timing Constraint window in Vivado IDE). It is recommended to reference an auto-derived clock by the pin name attached to the clock: get_clocks -of_objects [get_pins clk_pll_33/inst/plle2_adv_inst/CLKOUT1]
Related violations: <none>

TIMING-28#12 Warning
Auto-derived clock referenced by a timing constraint  
The auto-derived clock clk_pll_i is referenced by name inside timing constraint (see constraint position 11 in the Timing Constraint window in Vivado IDE). It is recommended to reference an auto-derived clock by the pin name attached to the clock: get_clocks -of_objects [get_pins mig_axi/u_mig_axi_32_mig/u_ddr3_infrastructure/gen_mmcm.mmcm_i/CLKFBOUT]
Related violations: <none>

TIMING-28#13 Warning
Auto-derived clock referenced by a timing constraint  
The auto-derived clock clk_pll_i is referenced by name inside timing constraint (see constraint position 12 in the Timing Constraint window in Vivado IDE). It is recommended to reference an auto-derived clock by the pin name attached to the clock: get_clocks -of_objects [get_pins mig_axi/u_mig_axi_32_mig/u_ddr3_infrastructure/gen_mmcm.mmcm_i/CLKFBOUT]
Related violations: <none>

TIMING-28#14 Warning
Auto-derived clock referenced by a timing constraint  
The auto-derived clock clk_pll_i is referenced by name inside timing constraint (see constraint position 13 in the Timing Constraint window in Vivado IDE). It is recommended to reference an auto-derived clock by the pin name attached to the clock: get_clocks -of_objects [get_pins mig_axi/u_mig_axi_32_mig/u_ddr3_infrastructure/gen_mmcm.mmcm_i/CLKFBOUT]
Related violations: <none>

TIMING-47#1 Warning
False path, asynchronous clock group or max delay datapath only constraint between synchronous clocks  
A False Path timing constraint is set between synchronous clocks clk_out1_clk_pll_33 and clk_out2_clk_pll_33 (see constraint position 17 in the Timing Constraint window in Vivado IDE). Masking entire synchronous clock domains via  set_false_path, set_clock_groups or set_max_delay -datapath_only may result in failure in hardware.
Related violations: <none>

TIMING-47#2 Warning
False path, asynchronous clock group or max delay datapath only constraint between synchronous clocks  
A False Path timing constraint is set between synchronous clocks clk_out2_clk_pll_33 and clk_out1_clk_pll_33 (see constraint position 16 in the Timing Constraint window in Vivado IDE). Masking entire synchronous clock domains via  set_false_path, set_clock_groups or set_max_delay -datapath_only may result in failure in hardware.
Related violations: <none>

TIMING-47#3 Warning
False path, asynchronous clock group or max delay datapath only constraint between synchronous clocks  
A False Path timing constraint is set between synchronous clocks clk_out2_clk_pll_33 and clk_pll_i (see constraint position 12 in the Timing Constraint window in Vivado IDE). Masking entire synchronous clock domains via  set_false_path, set_clock_groups or set_max_delay -datapath_only may result in failure in hardware.
Related violations: <none>

TIMING-47#4 Warning
False path, asynchronous clock group or max delay datapath only constraint between synchronous clocks  
A False Path timing constraint is set between synchronous clocks clk_pll_i and clk_out1_clk_pll_33 (see constraint position 13 in the Timing Constraint window in Vivado IDE). Masking entire synchronous clock domains via  set_false_path, set_clock_groups or set_max_delay -datapath_only may result in failure in hardware.
Related violations: <none>

TIMING-47#5 Warning
False path, asynchronous clock group or max delay datapath only constraint between synchronous clocks  
A False Path timing constraint is set between synchronous clocks clk_pll_i and clk_out2_clk_pll_33 (see constraint position 11 in the Timing Constraint window in Vivado IDE). Masking entire synchronous clock domains via  set_false_path, set_clock_groups or set_max_delay -datapath_only may result in failure in hardware.
Related violations: <none>

XDCB-5#1 Warning
Runtime inefficient way to find pin objects  
The option '-to : [get_pins -hier -include_replicated_objects -filter {NAME =~ *temp_mon_enabled.u_tempmon/device_temp_sync_r1_reg[*]/D}]' of constraint 'set_max_delay' uses inefficient query to find pin objects (see constraint position '4' in the Timing Constraint window in Vivado IDE). To reduce runtime, it is recommended to get the pins through the cell objects. Please refer to Using Constraints Guide (Constraints Efficiency). An example of optimal query is: get_pins -filter {REF_PIN_NAME=~yy*} -of_objects [get_cells -hierarchical xx*].
Current XDC: /home/lch/work/miracle/chiplab/IP/xilinx_ip/2023.2/mig_axi_32_loongson/mig_axi_32/user_design/constraints/mig_axi_32.xdc (Line: 339)
Related violations: <none>

REQP-1959#1 Advisory
connects_SERDES_RST_driver_not_FF  
mig_axi/u_mig_axi_32_mig/u_memc_ui_top_axi/mem_intfc0/ddr_phy_top0/u_ddr_mc_phy_wrapper/u_ddr_mc_phy/ddr_phy_4lanes_0.u_ddr_phy_4lanes/ddr_byte_lane_A.ddr_byte_lane_A/ddr_byte_group_io/input_[2].iserdes_dq_.iserdesdq: The RST pin should only be driven by a Flip-flop.
Related violations: <none>

REQP-1959#2 Advisory
connects_SERDES_RST_driver_not_FF  
mig_axi/u_mig_axi_32_mig/u_memc_ui_top_axi/mem_intfc0/ddr_phy_top0/u_ddr_mc_phy_wrapper/u_ddr_mc_phy/ddr_phy_4lanes_0.u_ddr_phy_4lanes/ddr_byte_lane_A.ddr_byte_lane_A/ddr_byte_group_io/input_[3].iserdes_dq_.iserdesdq: The RST pin should only be driven by a Flip-flop.
Related violations: <none>

REQP-1959#3 Advisory
connects_SERDES_RST_driver_not_FF  
mig_axi/u_mig_axi_32_mig/u_memc_ui_top_axi/mem_intfc0/ddr_phy_top0/u_ddr_mc_phy_wrapper/u_ddr_mc_phy/ddr_phy_4lanes_0.u_ddr_phy_4lanes/ddr_byte_lane_A.ddr_byte_lane_A/ddr_byte_group_io/input_[4].iserdes_dq_.iserdesdq: The RST pin should only be driven by a Flip-flop.
Related violations: <none>

REQP-1959#4 Advisory
connects_SERDES_RST_driver_not_FF  
mig_axi/u_mig_axi_32_mig/u_memc_ui_top_axi/mem_intfc0/ddr_phy_top0/u_ddr_mc_phy_wrapper/u_ddr_mc_phy/ddr_phy_4lanes_0.u_ddr_phy_4lanes/ddr_byte_lane_A.ddr_byte_lane_A/ddr_byte_group_io/input_[5].iserdes_dq_.iserdesdq: The RST pin should only be driven by a Flip-flop.
Related violations: <none>

REQP-1959#5 Advisory
connects_SERDES_RST_driver_not_FF  
mig_axi/u_mig_axi_32_mig/u_memc_ui_top_axi/mem_intfc0/ddr_phy_top0/u_ddr_mc_phy_wrapper/u_ddr_mc_phy/ddr_phy_4lanes_0.u_ddr_phy_4lanes/ddr_byte_lane_A.ddr_byte_lane_A/ddr_byte_group_io/input_[6].iserdes_dq_.iserdesdq: The RST pin should only be driven by a Flip-flop.
Related violations: <none>

REQP-1959#6 Advisory
connects_SERDES_RST_driver_not_FF  
mig_axi/u_mig_axi_32_mig/u_memc_ui_top_axi/mem_intfc0/ddr_phy_top0/u_ddr_mc_phy_wrapper/u_ddr_mc_phy/ddr_phy_4lanes_0.u_ddr_phy_4lanes/ddr_byte_lane_A.ddr_byte_lane_A/ddr_byte_group_io/input_[7].iserdes_dq_.iserdesdq: The RST pin should only be driven by a Flip-flop.
Related violations: <none>

REQP-1959#7 Advisory
connects_SERDES_RST_driver_not_FF  
mig_axi/u_mig_axi_32_mig/u_memc_ui_top_axi/mem_intfc0/ddr_phy_top0/u_ddr_mc_phy_wrapper/u_ddr_mc_phy/ddr_phy_4lanes_0.u_ddr_phy_4lanes/ddr_byte_lane_A.ddr_byte_lane_A/ddr_byte_group_io/input_[8].iserdes_dq_.iserdesdq: The RST pin should only be driven by a Flip-flop.
Related violations: <none>

REQP-1959#8 Advisory
connects_SERDES_RST_driver_not_FF  
mig_axi/u_mig_axi_32_mig/u_memc_ui_top_axi/mem_intfc0/ddr_phy_top0/u_ddr_mc_phy_wrapper/u_ddr_mc_phy/ddr_phy_4lanes_0.u_ddr_phy_4lanes/ddr_byte_lane_A.ddr_byte_lane_A/ddr_byte_group_io/input_[9].iserdes_dq_.iserdesdq: The RST pin should only be driven by a Flip-flop.
Related violations: <none>

REQP-1959#9 Advisory
connects_SERDES_RST_driver_not_FF  
mig_axi/u_mig_axi_32_mig/u_memc_ui_top_axi/mem_intfc0/ddr_phy_top0/u_ddr_mc_phy_wrapper/u_ddr_mc_phy/ddr_phy_4lanes_0.u_ddr_phy_4lanes/ddr_byte_lane_B.ddr_byte_lane_B/ddr_byte_group_io/input_[2].iserdes_dq_.iserdesdq: The RST pin should only be driven by a Flip-flop.
Related violations: <none>

REQP-1959#10 Advisory
connects_SERDES_RST_driver_not_FF  
mig_axi/u_mig_axi_32_mig/u_memc_ui_top_axi/mem_intfc0/ddr_phy_top0/u_ddr_mc_phy_wrapper/u_ddr_mc_phy/ddr_phy_4lanes_0.u_ddr_phy_4lanes/ddr_byte_lane_B.ddr_byte_lane_B/ddr_byte_group_io/input_[3].iserdes_dq_.iserdesdq: The RST pin should only be driven by a Flip-flop.
Related violations: <none>

REQP-1959#11 Advisory
connects_SERDES_RST_driver_not_FF  
mig_axi/u_mig_axi_32_mig/u_memc_ui_top_axi/mem_intfc0/ddr_phy_top0/u_ddr_mc_phy_wrapper/u_ddr_mc_phy/ddr_phy_4lanes_0.u_ddr_phy_4lanes/ddr_byte_lane_B.ddr_byte_lane_B/ddr_byte_group_io/input_[4].iserdes_dq_.iserdesdq: The RST pin should only be driven by a Flip-flop.
Related violations: <none>

REQP-1959#12 Advisory
connects_SERDES_RST_driver_not_FF  
mig_axi/u_mig_axi_32_mig/u_memc_ui_top_axi/mem_intfc0/ddr_phy_top0/u_ddr_mc_phy_wrapper/u_ddr_mc_phy/ddr_phy_4lanes_0.u_ddr_phy_4lanes/ddr_byte_lane_B.ddr_byte_lane_B/ddr_byte_group_io/input_[5].iserdes_dq_.iserdesdq: The RST pin should only be driven by a Flip-flop.
Related violations: <none>

REQP-1959#13 Advisory
connects_SERDES_RST_driver_not_FF  
mig_axi/u_mig_axi_32_mig/u_memc_ui_top_axi/mem_intfc0/ddr_phy_top0/u_ddr_mc_phy_wrapper/u_ddr_mc_phy/ddr_phy_4lanes_0.u_ddr_phy_4lanes/ddr_byte_lane_B.ddr_byte_lane_B/ddr_byte_group_io/input_[6].iserdes_dq_.iserdesdq: The RST pin should only be driven by a Flip-flop.
Related violations: <none>

REQP-1959#14 Advisory
connects_SERDES_RST_driver_not_FF  
mig_axi/u_mig_axi_32_mig/u_memc_ui_top_axi/mem_intfc0/ddr_phy_top0/u_ddr_mc_phy_wrapper/u_ddr_mc_phy/ddr_phy_4lanes_0.u_ddr_phy_4lanes/ddr_byte_lane_B.ddr_byte_lane_B/ddr_byte_group_io/input_[7].iserdes_dq_.iserdesdq: The RST pin should only be driven by a Flip-flop.
Related violations: <none>

REQP-1959#15 Advisory
connects_SERDES_RST_driver_not_FF  
mig_axi/u_mig_axi_32_mig/u_memc_ui_top_axi/mem_intfc0/ddr_phy_top0/u_ddr_mc_phy_wrapper/u_ddr_mc_phy/ddr_phy_4lanes_0.u_ddr_phy_4lanes/ddr_byte_lane_B.ddr_byte_lane_B/ddr_byte_group_io/input_[8].iserdes_dq_.iserdesdq: The RST pin should only be driven by a Flip-flop.
Related violations: <none>

REQP-1959#16 Advisory
connects_SERDES_RST_driver_not_FF  
mig_axi/u_mig_axi_32_mig/u_memc_ui_top_axi/mem_intfc0/ddr_phy_top0/u_ddr_mc_phy_wrapper/u_ddr_mc_phy/ddr_phy_4lanes_0.u_ddr_phy_4lanes/ddr_byte_lane_B.ddr_byte_lane_B/ddr_byte_group_io/input_[9].iserdes_dq_.iserdesdq: The RST pin should only be driven by a Flip-flop.
Related violations: <none>

RTGT-1#1 Advisory
RAM retargeting possibility  
Identified 12 RAM32X1D primitives that could be retargeted to RAM32M. Retargeting will save approximately 4 memory LUTs and improve routability. These can usually be achieved using synthesis inference or XPMs. The memories are cpu_mid/addr_trans/tlb_entry/tlb_d0_reg_r2_0_31_0_0,
cpu_mid/addr_trans/tlb_entry/tlb_d1_reg_r2_0_31_0_0,
cpu_mid/addr_trans/tlb_entry/tlb_mat0_reg_r2_0_31_0_0,
cpu_mid/addr_trans/tlb_entry/tlb_mat0_reg_r2_0_31_1_1,
cpu_mid/addr_trans/tlb_entry/tlb_mat1_reg_r2_0_31_0_0,
cpu_mid/addr_trans/tlb_entry/tlb_mat1_reg_r2_0_31_1_1,
cpu_mid/addr_trans/tlb_entry/tlb_plv0_reg_r2_0_31_0_0,
cpu_mid/addr_trans/tlb_entry/tlb_plv0_reg_r2_0_31_1_1,
cpu_mid/addr_trans/tlb_entry/tlb_plv1_reg_r2_0_31_0_0,
cpu_mid/addr_trans/tlb_entry/tlb_plv1_reg_r2_0_31_1_1,
cpu_mid/addr_trans/tlb_entry/tlb_v0_reg_r2_0_31_0_0
cpu_mid/addr_trans/tlb_entry/tlb_v1_reg_r2_0_31_0_0
Related violations: <none>

RTGT-1#2 Advisory
RAM retargeting possibility  
Identified 12 RAM32X1D primitives that could be retargeted to RAM32M. Retargeting will save approximately 4 memory LUTs and improve routability. These can usually be achieved using synthesis inference or XPMs. The memories are cpu_mid/addr_trans/tlb_entry/tlb_d0_reg_r3_0_31_0_0,
cpu_mid/addr_trans/tlb_entry/tlb_d1_reg_r3_0_31_0_0,
cpu_mid/addr_trans/tlb_entry/tlb_mat0_reg_r3_0_31_0_0,
cpu_mid/addr_trans/tlb_entry/tlb_mat0_reg_r3_0_31_1_1,
cpu_mid/addr_trans/tlb_entry/tlb_mat1_reg_r3_0_31_0_0,
cpu_mid/addr_trans/tlb_entry/tlb_mat1_reg_r3_0_31_1_1,
cpu_mid/addr_trans/tlb_entry/tlb_plv0_reg_r3_0_31_0_0,
cpu_mid/addr_trans/tlb_entry/tlb_plv0_reg_r3_0_31_1_1,
cpu_mid/addr_trans/tlb_entry/tlb_plv1_reg_r3_0_31_0_0,
cpu_mid/addr_trans/tlb_entry/tlb_plv1_reg_r3_0_31_1_1,
cpu_mid/addr_trans/tlb_entry/tlb_v0_reg_r3_0_31_0_0
cpu_mid/addr_trans/tlb_entry/tlb_v1_reg_r3_0_31_0_0
Related violations: <none>

RTGT-1#3 Advisory
RAM retargeting possibility  
Identified 6 RAM32X1D primitives that could be retargeted to RAM32M. Retargeting will save approximately 2 memory LUTs and improve routability. These can usually be achieved using synthesis inference or XPMs. The memories are cpu_mid/addr_trans/tlb_entry/tlb_mat0_reg_r1_0_31_0_0,
cpu_mid/addr_trans/tlb_entry/tlb_mat0_reg_r1_0_31_1_1,
cpu_mid/addr_trans/tlb_entry/tlb_mat1_reg_r1_0_31_0_0,
cpu_mid/addr_trans/tlb_entry/tlb_mat1_reg_r1_0_31_1_1,
cpu_mid/addr_trans/tlb_entry/tlb_plv0_reg_r1_0_31_0_0
cpu_mid/addr_trans/tlb_entry/tlb_plv0_reg_r1_0_31_1_1
Related violations: <none>


