#
# An unexpected error has occurred (6) Aborted
#
Stack:
/lib/x86_64-linux-gnu/libc.so.6(+0x45330) [0x750e1a445330]
/lib/x86_64-linux-gnu/libc.so.6(pthread_kill+0x11c) [0x750e1a49eb2c]
/lib/x86_64-linux-gnu/libc.so.6(gsignal+0x1e) [0x750e1a44527e]
/lib/x86_64-linux-gnu/libc.so.6(abort+0xdf) [0x750e1a4288ff]
/opt/vivado/2025.2/Vivado/lib/lnx64.o/Ubuntu/24/libstdc++.so.6(+0xa5ff5) [0x750e1aca5ff5]
/opt/vivado/2025.2/Vivado/lib/lnx64.o/Ubuntu/24/libstdc++.so.6(+0xbb0da) [0x750e1acbb0da]
/opt/vivado/2025.2/Vivado/lib/lnx64.o/Ubuntu/24/libstdc++.so.6(_ZSt10unexpectedv+0) [0x750e1aca5a55]
/opt/vivado/2025.2/Vivado/lib/lnx64.o/libxv_common.so(hdi::tcltasks::detail::collection_wrapper_base::~collection_wrapper_base()+0x27f) [0x750e25bff6f5]
/opt/vivado/2025.2/Vivado/lib/lnx64.o/libxv_common.so(+0x7118d5) [0x750e25d118d5]
/opt/vivado/2025.2/Vivado/lib/lnx64.o/libxv_common.so(hdi::tcltasks::detail::collection_wrapper_base::decr_ref() const+0x27) [0x750e25bfc7db]
/opt/vivado/2025.2/Vivado/lib/lnx64.o/libxv_tcltasks.so(+0x1109c78) [0x750e14309c78]
/opt/vivado/2025.2/Vivado/lib/lnx64.o/libxv_tcltasks.so(+0x1104212) [0x750e14304212]
/opt/vivado/2025.2/Vivado/lib/lnx64.o/libxv_tcltasks.so(+0x1104261) [0x750e14304261]
/opt/vivado/2025.2/Vivado/lib/lnx64.o/libboost_program_options.so.1.72.0(boost::program_options::option_description::~option_description()+0xd1) [0x750e251ccbe1]
/opt/vivado/2025.2/Vivado/lib/lnx64.o/libboost_program_options.so.1.72.0(boost::program_options::option_description::~option_description()+0x11) [0x750e251ccc31]
/opt/vivado/2025.2/Vivado/lib/lnx64.o/libxv_common.so(boost::detail::sp_counted_impl_p<boost::program_options::option_description>::dispose()+0x13) [0x750e25ef3d3b]
/opt/vivado/2025.2/Vivado/lib/lnx64.o/libxv_common.so(+0x42fc24) [0x750e25a2fc24]
/opt/vivado/2025.2/Vivado/lib/lnx64.o/libxv_common.so(hdi::tcltasks::options_description::~options_description()+0xe1) [0x750e25fa9bb3]
/lib/x86_64-linux-gnu/libc.so.6(+0x47a76) [0x750e1a447a76]
/lib/x86_64-linux-gnu/libc.so.6(+0x47bbe) [0x750e1a447bbe]
/opt/vivado/2025.2/Vivado/lib/lnx64.o/libxv_synth.so(HARTSInfo::periodicalDetect()+0xfb) [0x750e08f6c8eb]
/opt/vivado/2025.2/Vivado/lib/lnx64.o/libxv_common.so(std::thread::_State_impl<std::thread::_Invoker<std::tuple<void (*)()> > >::_M_run()+0x7) [0x750e25e19fbf]
/opt/vivado/2025.2/Vivado/lib/lnx64.o/Ubuntu/24/libstdc++.so.6(+0xecdb4) [0x750e1acecdb4]
/lib/x86_64-linux-gnu/libc.so.6(+0x9caa4) [0x750e1a49caa4]
/lib/x86_64-linux-gnu/libc.so.6(+0x129c6c) [0x750e1a529c6c]
