xilinx rtfpga
rt::do_reinfer_area_combined 1
INFO: [Synth 8-5544] ROM "addv_c" won't be mapped to Block RAM because address size (4) smaller than threshold (5)
INFO: [Synth 8-5544] ROM "addv_c" won't be mapped to Block RAM because address size (4) smaller than threshold (5)
INFO: [Synth 8-5544] ROM "fifobe" won't be mapped to Block RAM because address size (2) smaller than threshold (5)
INFO: [Synth 8-5544] ROM "tbuf_proc.buf_32" won't be mapped to Block RAM because address size (3) smaller than threshold (5)
INFO: [Synth 8-5544] ROM "tlev_c" won't be mapped to Block RAM because address size (3) smaller than threshold (5)
INFO: [Synth 8-5544] ROM "tlev_c" won't be mapped to Block RAM because address size (3) smaller than threshold (5)
INFO: [Synth 8-5544] ROM "pmux" won't be mapped to Block RAM because address size (3) smaller than threshold (5)
INFO: [Synth 8-5544] ROM "rsm_c" won't be mapped to Block RAM because address size (4) smaller than threshold (5)
INFO: [Synth 8-5544] ROM "rsm_c" won't be mapped to Block RAM because address size (4) smaller than threshold (5)
INFO: [Synth 8-5544] ROM "dest" won't be mapped to Block RAM because address size (3) smaller than threshold (5)
INFO: [Synth 8-5544] ROM "data_proc.data32" won't be mapped to Block RAM because address size (3) smaller than threshold (5)
WARNING: [Synth 8-6014] Unused sequential element mig_axi_interconnect/s01_b_fifo/mem_reg was removed. 
WARNING: [Synth 8-3917] design soc_top__GCB1 has port M00_AXI_AWID[7] driven by constant 0
WARNING: [Synth 8-3917] design soc_top__GCB1 has port M00_AXI_AWID[6] driven by constant 0
WARNING: [Synth 8-3917] design soc_top__GCB1 has port M00_AXI_AWID[5] driven by constant 0
WARNING: [Synth 8-3917] design soc_top__GCB1 has port M00_AXI_AWID[4] driven by constant 0
WARNING: [Synth 8-3917] design soc_top__GCB1 has port M00_AXI_ARID[7] driven by constant 0
WARNING: [Synth 8-3917] design soc_top__GCB1 has port M00_AXI_ARID[6] driven by constant 0
WARNING: [Synth 8-3917] design soc_top__GCB1 has port M00_AXI_ARID[5] driven by constant 0
WARNING: [Synth 8-3917] design soc_top__GCB1 has port M00_AXI_ARID[4] driven by constant 0
WARNING: [Synth 8-3917] design soc_top__GCB1 has port sbresp_o[1] driven by constant 0
WARNING: [Synth 8-3917] design soc_top__GCB1 has port sbresp_o[0] driven by constant 0
WARNING: [Synth 8-3917] design soc_top__GCB1 has port srresp_o[1] driven by constant 0
WARNING: [Synth 8-3917] design soc_top__GCB1 has port srresp_o[0] driven by constant 0
WARNING: [Synth 8-3917] design soc_top__GCB1 has port mac_s_rlast driven by constant 1
WARNING: [Synth 8-7129] Port csraddr[1] in module CSR is either unconnected or has no load
WARNING: [Synth 8-7129] Port csraddr[0] in module CSR is either unconnected or has no load
WARNING: [Synth 8-7129] Port wadg[8] in module RFIFO is either unconnected or has no load
WARNING: [Synth 8-7129] Port wadg[7] in module RFIFO is either unconnected or has no load
WARNING: [Synth 8-7129] Port wadg[6] in module RFIFO is either unconnected or has no load
WARNING: [Synth 8-7129] Port wadg[5] in module RFIFO is either unconnected or has no load
WARNING: [Synth 8-7129] Port wadg[4] in module RFIFO is either unconnected or has no load
WARNING: [Synth 8-7129] Port wadg[3] in module RFIFO is either unconnected or has no load
WARNING: [Synth 8-7129] Port wadg[2] in module RFIFO is either unconnected or has no load
WARNING: [Synth 8-7129] Port wadg[1] in module RFIFO is either unconnected or has no load
WARNING: [Synth 8-7129] Port wadg[0] in module RFIFO is either unconnected or has no load
WARNING: [Synth 8-7129] Port rid[3] in module dma_master is either unconnected or has no load
WARNING: [Synth 8-7129] Port rid[2] in module dma_master is either unconnected or has no load
WARNING: [Synth 8-7129] Port rid[1] in module dma_master is either unconnected or has no load
WARNING: [Synth 8-7129] Port rid[0] in module dma_master is either unconnected or has no load
WARNING: [Synth 8-7129] Port bid[3] in module dma_master is either unconnected or has no load
WARNING: [Synth 8-7129] Port bid[2] in module dma_master is either unconnected or has no load
WARNING: [Synth 8-7129] Port bid[1] in module dma_master is either unconnected or has no load
WARNING: [Synth 8-7129] Port bid[0] in module dma_master is either unconnected or has no load
WARNING: [Synth 8-7129] Port order_addr_in[1] in module dma_master is either unconnected or has no load
WARNING: [Synth 8-7129] Port order_addr_in[0] in module dma_master is either unconnected or has no load
INFO: [Synth 8-4652] Swapped enable and write-enable on 1 RAM instances of RAM ETHERNET_TOP/u_mac_top_0/u_addr_ram/mem_reg to conserve power
INFO: [Synth 8-12589] Found 4 bits of RAM  (i_70) with no load. RAM width may be reduced from 39 to 35 
INFO: [Synth 8-12589] Found 5 bits of RAM  (i_77) with no load. RAM width may be reduced from 32 to 27 
INFO: [Synth 8-12589] Found 5 bits of RAM  (i_97) with no load. RAM width may be reduced from 32 to 27 
INFO: [Synth 8-7067] Removed DRAM instance i_6/i_0/mig_axi_interconnect/s01_aw_fifo/mem_reg_0_15_54_54 from module extram__28 due to constant propagation
INFO: [Synth 8-7067] Removed DRAM instance i_6/i_0/mig_axi_interconnect/s01_aw_fifo/mem_reg_0_15_12_17 from module extram__28 due to constant propagation
INFO: [Synth 8-7067] Removed DRAM instance i_8/i_0/mig_axi_interconnect/s01_ar_fifo/mem_reg_0_15_54_54 from module extram__32 due to constant propagation
INFO: [Synth 8-7067] Removed DRAM instance i_8/i_0/mig_axi_interconnect/s01_ar_fifo/mem_reg_0_15_12_17 from module extram__32 due to constant propagation
INFO: [Synth 8-3333] propagating constant 1 across sequential element (\ETHERNET_TOP/u_mac_top_0/u_mac_axi/U_MAC /U_TLSM/\fifobe_reg[0] )
INFO: [Synth 8-3886] merging instance 'ETHERNET_TOP/u_mac_top_0/u_mac_axi/U_MAC/U_TLSM/lastbe_reg[0]' (FDSE) to 'ETHERNET_TOP/u_mac_top_0/u_mac_axi/U_MAC/U_TLSM/firstbe_reg[3]'
INFO: [Synth 8-3333] propagating constant 1 across sequential element (\ETHERNET_TOP/u_mac_top_0/u_mac_axi/U_MAC /U_TLSM/\firstbe_reg[3] )
INFO: [Synth 8-3886] merging instance 'ETHERNET_TOP/u_mac_top_0/u_mac_axi/U_MAC/U_TC/rad_r_reg[8]' (FDR) to 'ETHERNET_TOP/u_mac_top_0/u_mac_axi/U_MAC/U_TC/iradg_reg[8]'
INFO: [Synth 8-3886] merging instance 'ETHERNET_TOP/u_mac_top_0/u_mac_axi/U_MAC/U_TC/brel_reg[5]' (FDR) to 'ETHERNET_TOP/u_mac_top_0/u_mac_axi/U_MAC/U_TC/brel_reg[4]'
INFO: [Synth 8-3333] propagating constant 0 across sequential element (\ETHERNET_TOP/u_mac_top_0/u_mac_axi/U_MAC /U_TC/\brel_reg[6] )
INFO: [Synth 8-3886] merging instance 'ETHERNET_TOP/u_mac_top_0/u_mac_axi/U_MAC/U_TC/brel_reg[4]' (FDR) to 'ETHERNET_TOP/u_mac_top_0/u_mac_axi/U_MAC/U_TC/brel_reg[3]'
INFO: [Synth 8-3886] merging instance 'ETHERNET_TOP/u_mac_top_0/u_mac_axi/U_MAC/U_RSTC/rstcsr_dma1_reg' (FD) to 'ETHERNET_TOP/u_mac_top_0/u_mac_axi/U_MAC/U_RSTC/rstcsr_r1_reg'
INFO: [Synth 8-3886] merging instance 'ETHERNET_TOP/u_mac_top_0/u_mac_axi/U_MAC/U_RSTC/rstcsr_dma2_reg' (FD) to 'ETHERNET_TOP/u_mac_top_0/u_mac_axi/U_MAC/U_RSTC/rstcsr_r2_reg'
INFO: [Synth 8-3886] merging instance 'ETHERNET_TOP/u_mac_top_0/u_mac_axi/U_MAC/U_TC/pmux_reg[28]' (FDS) to 'ETHERNET_TOP/u_mac_top_0/u_mac_axi/U_MAC/U_TC/pmux_reg[24]'
INFO: [Synth 8-3886] merging instance 'ETHERNET_TOP/u_mac_top_0/u_mac_axi/U_MAC/U_TC/pmux_reg[24]' (FDS) to 'ETHERNET_TOP/u_mac_top_0/u_mac_axi/U_MAC/U_TC/pmux_reg[20]'
INFO: [Synth 8-3886] merging instance 'ETHERNET_TOP/u_mac_top_0/u_mac_axi/U_MAC/U_TC/pmux_reg[20]' (FDS) to 'ETHERNET_TOP/u_mac_top_0/u_mac_axi/U_MAC/U_TC/pmux_reg[16]'
INFO: [Synth 8-3886] merging instance 'ETHERNET_TOP/u_mac_top_0/u_mac_axi/U_MAC/U_TC/pmux_reg[16]' (FDS) to 'ETHERNET_TOP/u_mac_top_0/u_mac_axi/U_MAC/U_TC/pmux_reg[12]'
INFO: [Synth 8-3886] merging instance 'ETHERNET_TOP/u_mac_top_0/u_mac_axi/U_MAC/U_TC/pmux_reg[12]' (FDS) to 'ETHERNET_TOP/u_mac_top_0/u_mac_axi/U_MAC/U_TC/pmux_reg[8]'
INFO: [Synth 8-3886] merging instance 'ETHERNET_TOP/u_mac_top_0/u_mac_axi/U_MAC/U_TC/pmux_reg[8]' (FDS) to 'ETHERNET_TOP/u_mac_top_0/u_mac_axi/U_MAC/U_TC/pmux_reg[4]'
INFO: [Synth 8-3886] merging instance 'ETHERNET_TOP/u_mac_top_0/u_mac_axi/U_MAC/U_TC/pmux_reg[4]' (FDS) to 'ETHERNET_TOP/u_mac_top_0/u_mac_axi/U_MAC/U_TC/pmux_reg[0]'
INFO: [Synth 8-3886] merging instance 'ETHERNET_TOP/u_mac_top_0/u_mac_axi/U_MAC/U_TC/pmux_reg[0]' (FDS) to 'ETHERNET_TOP/u_mac_top_0/u_mac_axi/U_MAC/U_TC/pmux_reg[30]'
INFO: [Synth 8-3886] merging instance 'ETHERNET_TOP/u_mac_top_0/u_mac_axi/U_MAC/U_TC/pmux_reg[29]' (FDS) to 'ETHERNET_TOP/u_mac_top_0/u_mac_axi/U_MAC/U_TC/pmux_reg[25]'
INFO: [Synth 8-3886] merging instance 'ETHERNET_TOP/u_mac_top_0/u_mac_axi/U_MAC/U_TC/pmux_reg[25]' (FDS) to 'ETHERNET_TOP/u_mac_top_0/u_mac_axi/U_MAC/U_TC/pmux_reg[21]'
INFO: [Synth 8-3886] merging instance 'ETHERNET_TOP/u_mac_top_0/u_mac_axi/U_MAC/U_TC/pmux_reg[21]' (FDS) to 'ETHERNET_TOP/u_mac_top_0/u_mac_axi/U_MAC/U_TC/pmux_reg[17]'
INFO: [Synth 8-3886] merging instance 'ETHERNET_TOP/u_mac_top_0/u_mac_axi/U_MAC/U_TC/pmux_reg[17]' (FDS) to 'ETHERNET_TOP/u_mac_top_0/u_mac_axi/U_MAC/U_TC/pmux_reg[13]'
INFO: [Synth 8-3886] merging instance 'ETHERNET_TOP/u_mac_top_0/u_mac_axi/U_MAC/U_TC/pmux_reg[13]' (FDS) to 'ETHERNET_TOP/u_mac_top_0/u_mac_axi/U_MAC/U_TC/pmux_reg[9]'
INFO: [Synth 8-3886] merging instance 'ETHERNET_TOP/u_mac_top_0/u_mac_axi/U_MAC/U_TC/pmux_reg[9]' (FDS) to 'ETHERNET_TOP/u_mac_top_0/u_mac_axi/U_MAC/U_TC/pmux_reg[5]'
INFO: [Synth 8-3886] merging instance 'ETHERNET_TOP/u_mac_top_0/u_mac_axi/U_MAC/U_TC/pmux_reg[5]' (FDS) to 'ETHERNET_TOP/u_mac_top_0/u_mac_axi/U_MAC/U_TC/pmux_reg[1]'
INFO: [Synth 8-3886] merging instance 'ETHERNET_TOP/u_mac_top_0/u_mac_axi/U_MAC/U_TC/pmux_reg[1]' (FDS) to 'ETHERNET_TOP/u_mac_top_0/u_mac_axi/U_MAC/U_TC/pmux_reg[27]'
INFO: [Synth 8-3886] merging instance 'ETHERNET_TOP/u_mac_top_0/u_mac_axi/U_MAC/U_TC/pmux_reg[30]' (FDS) to 'ETHERNET_TOP/u_mac_top_0/u_mac_axi/U_MAC/U_TC/pmux_reg[26]'
INFO: [Synth 8-3886] merging instance 'ETHERNET_TOP/u_mac_top_0/u_mac_axi/U_MAC/U_TC/pmux_reg[26]' (FDS) to 'ETHERNET_TOP/u_mac_top_0/u_mac_axi/U_MAC/U_TC/pmux_reg[22]'
INFO: [Synth 8-3886] merging instance 'ETHERNET_TOP/u_mac_top_0/u_mac_axi/U_MAC/U_TC/pmux_reg[22]' (FDS) to 'ETHERNET_TOP/u_mac_top_0/u_mac_axi/U_MAC/U_TC/pmux_reg[18]'
INFO: [Synth 8-3886] merging instance 'ETHERNET_TOP/u_mac_top_0/u_mac_axi/U_MAC/U_TC/pmux_reg[18]' (FDS) to 'ETHERNET_TOP/u_mac_top_0/u_mac_axi/U_MAC/U_TC/pmux_reg[14]'
INFO: [Synth 8-3886] merging instance 'ETHERNET_TOP/u_mac_top_0/u_mac_axi/U_MAC/U_TC/pmux_reg[14]' (FDS) to 'ETHERNET_TOP/u_mac_top_0/u_mac_axi/U_MAC/U_TC/pmux_reg[10]'
INFO: [Synth 8-3886] merging instance 'ETHERNET_TOP/u_mac_top_0/u_mac_axi/U_MAC/U_TC/pmux_reg[10]' (FDS) to 'ETHERNET_TOP/u_mac_top_0/u_mac_axi/U_MAC/U_TC/pmux_reg[6]'
INFO: [Synth 8-3886] merging instance 'ETHERNET_TOP/u_mac_top_0/u_mac_axi/U_MAC/U_TC/pmux_reg[6]' (FDS) to 'ETHERNET_TOP/u_mac_top_0/u_mac_axi/U_MAC/U_TC/pmux_reg[2]'
INFO: [Synth 8-3886] merging instance 'ETHERNET_TOP/u_mac_top_0/u_mac_axi/U_MAC/U_TC/pmux_reg[31]' (FDS) to 'ETHERNET_TOP/u_mac_top_0/u_mac_axi/U_MAC/U_TC/pmux_reg[23]'
INFO: [Synth 8-3886] merging instance 'ETHERNET_TOP/u_mac_top_0/u_mac_axi/U_MAC/U_TC/pmux_reg[27]' (FDS) to 'ETHERNET_TOP/u_mac_top_0/u_mac_axi/U_MAC/U_TC/pmux_reg[19]'
INFO: [Synth 8-3886] merging instance 'ETHERNET_TOP/u_mac_top_0/u_mac_axi/U_MAC/U_TC/pmux_reg[23]' (FDS) to 'ETHERNET_TOP/u_mac_top_0/u_mac_axi/U_MAC/U_TC/pmux_reg[15]'
INFO: [Synth 8-3886] merging instance 'ETHERNET_TOP/u_mac_top_0/u_mac_axi/U_MAC/U_TC/pmux_reg[19]' (FDS) to 'ETHERNET_TOP/u_mac_top_0/u_mac_axi/U_MAC/U_TC/pmux_reg[11]'
INFO: [Synth 8-3886] merging instance 'ETHERNET_TOP/u_mac_top_0/u_mac_axi/U_MAC/U_TC/pmux_reg[15]' (FDS) to 'ETHERNET_TOP/u_mac_top_0/u_mac_axi/U_MAC/U_TC/pmux_reg[7]'
INFO: [Synth 8-3886] merging instance 'ETHERNET_TOP/u_mac_top_0/u_mac_axi/U_MAC/U_TC/pmux_reg[11]' (FDS) to 'ETHERNET_TOP/u_mac_top_0/u_mac_axi/U_MAC/U_TC/pmux_reg[3]'
INFO: [Synth 8-3886] merging instance 'i_12/mig_axi_interconnect/rd_len_reg[5]' (FDRE) to 'i_12/mig_axi_interconnect/rd_len_reg[6]'
INFO: [Synth 8-3333] propagating constant 0 across sequential element (i_12/\mig_axi_interconnect/rd_len_reg[6] )
INFO: [Synth 8-3886] merging instance 'mig_axi_interconnect/rd_id_reg[2]' (FDRE) to 'mig_axi_interconnect/rd_id_reg[3]'
INFO: [Synth 8-3333] propagating constant 0 across sequential element (\mig_axi_interconnect/rd_id_reg[3] )
INFO: [Synth 8-3886] merging instance 'i_10/mig_axi_interconnect/wr_len_reg[5]' (FDRE) to 'i_10/mig_axi_interconnect/wr_len_reg[6]'
INFO: [Synth 8-3333] propagating constant 0 across sequential element (i_10/\mig_axi_interconnect/wr_len_reg[6] )
INFO: [Synth 8-3886] merging instance 'mig_axi_interconnect/wr_id_reg[2]' (FDRE) to 'mig_axi_interconnect/wr_id_reg[3]'
INFO: [Synth 8-3333] propagating constant 0 across sequential element (\mig_axi_interconnect/wr_id_reg[3] )
INFO: [Synth 8-7067] Removed DRAM instance i_6/i_0/mig_axi_interconnect/s01_aw_fifo/mem_reg_0_15_54_54 from module extram__28 due to constant propagation
INFO: [Synth 8-7067] Removed DRAM instance i_10/i_0/mig_axi_interconnect/s02_aw_fifo/mem_reg_0_15_0_5 from module extram__36 due to constant propagation
INFO: [Synth 8-7067] Removed DRAM instance i_12/i_0/mig_axi_interconnect/s02_ar_fifo/mem_reg_0_15_0_5 from module extram__40 due to constant propagation
INFO: [Synth 8-7067] Removed DRAM instance i_10/i_0/mig_axi_interconnect/s02_aw_fifo/mem_reg_0_15_0_5 from module extram__36 due to constant propagation
