xilinx rtfpga
rt::do_reinfer_area_combined 1
INFO: [Synth 8-3886] merging instance 'u_mul/SecStageBoothRes_reg[16][0]' (FDE) to 'u_mul/SecStageBoothRes_reg[16][1]'
INFO: [Synth 8-3886] merging instance 'u_mul/SecStageBoothRes_reg[16][1]' (FDE) to 'u_mul/SecStageBoothRes_reg[16][2]'
INFO: [Synth 8-3886] merging instance 'u_mul/SecStageBoothRes_reg[16][2]' (FDE) to 'u_mul/SecStageBoothRes_reg[16][3]'
INFO: [Synth 8-3886] merging instance 'u_mul/SecStageBoothRes_reg[16][3]' (FDE) to 'u_mul/SecStageBoothRes_reg[16][4]'
INFO: [Synth 8-3886] merging instance 'u_mul/SecStageBoothRes_reg[16][4]' (FDE) to 'u_mul/SecStageBoothRes_reg[16][5]'
INFO: [Synth 8-3886] merging instance 'u_mul/SecStageBoothRes_reg[16][5]' (FDE) to 'u_mul/SecStageBoothRes_reg[16][6]'
INFO: [Synth 8-3886] merging instance 'u_mul/SecStageBoothRes_reg[16][6]' (FDE) to 'u_mul/SecStageBoothRes_reg[16][7]'
INFO: [Synth 8-3886] merging instance 'u_mul/SecStageBoothRes_reg[16][7]' (FDE) to 'u_mul/SecStageBoothRes_reg[16][8]'
INFO: [Synth 8-3886] merging instance 'u_mul/SecStageBoothRes_reg[16][8]' (FDE) to 'u_mul/SecStageBoothRes_reg[16][9]'
INFO: [Synth 8-3886] merging instance 'u_mul/SecStageBoothRes_reg[16][9]' (FDE) to 'u_mul/SecStageBoothRes_reg[16][10]'
INFO: [Synth 8-3886] merging instance 'u_mul/SecStageBoothRes_reg[16][10]' (FDE) to 'u_mul/SecStageBoothRes_reg[16][11]'
INFO: [Synth 8-3886] merging instance 'u_mul/SecStageBoothRes_reg[16][11]' (FDE) to 'u_mul/SecStageBoothRes_reg[16][12]'
INFO: [Synth 8-3886] merging instance 'u_mul/SecStageBoothRes_reg[16][12]' (FDE) to 'u_mul/SecStageBoothRes_reg[16][13]'
INFO: [Synth 8-3886] merging instance 'u_mul/SecStageBoothRes_reg[16][13]' (FDE) to 'u_mul/SecStageBoothRes_reg[16][14]'
INFO: [Synth 8-3886] merging instance 'u_mul/SecStageBoothRes_reg[16][14]' (FDE) to 'u_mul/SecStageBoothRes_reg[16][15]'
INFO: [Synth 8-3886] merging instance 'u_mul/SecStageBoothRes_reg[16][15]' (FDE) to 'u_mul/SecStageBoothRes_reg[16][16]'
INFO: [Synth 8-3886] merging instance 'u_mul/SecStageBoothRes_reg[16][16]' (FDE) to 'u_mul/SecStageBoothRes_reg[16][17]'
INFO: [Synth 8-3886] merging instance 'u_mul/SecStageBoothRes_reg[16][17]' (FDE) to 'u_mul/SecStageBoothRes_reg[16][18]'
INFO: [Synth 8-3886] merging instance 'u_mul/SecStageBoothRes_reg[16][18]' (FDE) to 'u_mul/SecStageBoothRes_reg[16][19]'
INFO: [Synth 8-3886] merging instance 'u_mul/SecStageBoothRes_reg[16][19]' (FDE) to 'u_mul/SecStageBoothRes_reg[16][20]'
INFO: [Synth 8-3886] merging instance 'u_mul/SecStageBoothRes_reg[16][20]' (FDE) to 'u_mul/SecStageBoothRes_reg[16][21]'
INFO: [Synth 8-3886] merging instance 'u_mul/SecStageBoothRes_reg[16][21]' (FDE) to 'u_mul/SecStageBoothRes_reg[16][22]'
INFO: [Synth 8-3886] merging instance 'u_mul/SecStageBoothRes_reg[16][22]' (FDE) to 'u_mul/SecStageBoothRes_reg[16][23]'
INFO: [Synth 8-3886] merging instance 'u_mul/SecStageBoothRes_reg[16][23]' (FDE) to 'u_mul/SecStageBoothRes_reg[16][24]'
INFO: [Synth 8-3886] merging instance 'u_mul/SecStageBoothRes_reg[16][24]' (FDE) to 'u_mul/SecStageBoothRes_reg[16][25]'
INFO: [Synth 8-3886] merging instance 'u_mul/SecStageBoothRes_reg[16][25]' (FDE) to 'u_mul/SecStageBoothRes_reg[16][26]'
INFO: [Synth 8-3886] merging instance 'u_mul/SecStageBoothRes_reg[16][26]' (FDE) to 'u_mul/SecStageBoothRes_reg[16][27]'
INFO: [Synth 8-3886] merging instance 'u_mul/SecStageBoothRes_reg[16][27]' (FDE) to 'u_mul/SecStageBoothRes_reg[16][28]'
INFO: [Synth 8-3886] merging instance 'u_mul/SecStageBoothRes_reg[16][28]' (FDE) to 'u_mul/SecStageBoothRes_reg[16][29]'
INFO: [Synth 8-3886] merging instance 'u_mul/SecStageBoothRes_reg[16][29]' (FDE) to 'u_mul/SecStageBoothRes_reg[16][30]'
INFO: [Synth 8-3886] merging instance 'u_mul/SecStageBoothRes_reg[16][30]' (FDE) to 'u_mul/SecStageBoothRes_reg[16][31]'
INFO: [Synth 8-3886] merging instance 'u_mul/SecStageBoothRes_reg[0][63]' (FDE) to 'u_mul/SecStageBoothRes_reg[0][33]'
INFO: [Synth 8-3886] merging instance 'u_mul/SecStageBoothRes_reg[1][63]' (FDE) to 'u_mul/SecStageBoothRes_reg[1][35]'
INFO: [Synth 8-3886] merging instance 'u_mul/SecStageBoothRes_reg[2][63]' (FDE) to 'u_mul/SecStageBoothRes_reg[2][37]'
INFO: [Synth 8-3886] merging instance 'u_mul/SecStageBoothRes_reg[3][63]' (FDE) to 'u_mul/SecStageBoothRes_reg[3][39]'
INFO: [Synth 8-3886] merging instance 'u_mul/SecStageBoothRes_reg[4][63]' (FDE) to 'u_mul/SecStageBoothRes_reg[4][41]'
INFO: [Synth 8-3886] merging instance 'u_mul/SecStageBoothRes_reg[5][63]' (FDE) to 'u_mul/SecStageBoothRes_reg[5][43]'
INFO: [Synth 8-3886] merging instance 'u_mul/SecStageBoothRes_reg[6][63]' (FDE) to 'u_mul/SecStageBoothRes_reg[6][45]'
INFO: [Synth 8-3886] merging instance 'u_mul/SecStageBoothRes_reg[7][63]' (FDE) to 'u_mul/SecStageBoothRes_reg[7][47]'
INFO: [Synth 8-3886] merging instance 'u_mul/SecStageBoothRes_reg[8][63]' (FDE) to 'u_mul/SecStageBoothRes_reg[8][49]'
INFO: [Synth 8-3886] merging instance 'u_mul/SecStageBoothRes_reg[9][63]' (FDE) to 'u_mul/SecStageBoothRes_reg[9][51]'
INFO: [Synth 8-3886] merging instance 'u_mul/SecStageBoothRes_reg[10][63]' (FDE) to 'u_mul/SecStageBoothRes_reg[10][53]'
INFO: [Synth 8-3886] merging instance 'u_mul/SecStageBoothRes_reg[11][63]' (FDE) to 'u_mul/SecStageBoothRes_reg[11][55]'
INFO: [Synth 8-3886] merging instance 'u_mul/SecStageBoothRes_reg[12][63]' (FDE) to 'u_mul/SecStageBoothRes_reg[12][62]'
INFO: [Synth 8-3886] merging instance 'u_mul/SecStageBoothRes_reg[13][63]' (FDE) to 'u_mul/SecStageBoothRes_reg[13][62]'
INFO: [Synth 8-3886] merging instance 'u_mul/SecStageBoothRes_reg[14][63]' (FDE) to 'u_mul/SecStageBoothRes_reg[14][62]'
INFO: [Synth 8-3886] merging instance 'u_mul/SecStageCarry_reg[14]' (FDE) to 'u_mul/SecStageBoothRes_reg[14][0]'
INFO: [Synth 8-3886] merging instance 'u_mul/SecStageCarry_reg[15]' (FDE) to 'u_mul/SecStageBoothRes_reg[15][0]'
INFO: [Synth 8-3886] merging instance 'u_mul/SecStageCarry_reg[13]' (FDE) to 'u_mul/SecStageBoothRes_reg[13][0]'
INFO: [Synth 8-3886] merging instance 'u_mul/SecStageCarry_reg[12]' (FDE) to 'u_mul/SecStageBoothRes_reg[12][0]'
INFO: [Synth 8-3886] merging instance 'u_mul/SecStageCarry_reg[11]' (FDE) to 'u_mul/SecStageBoothRes_reg[11][0]'
INFO: [Synth 8-3886] merging instance 'u_mul/SecStageCarry_reg[10]' (FDE) to 'u_mul/SecStageBoothRes_reg[10][0]'
INFO: [Synth 8-3886] merging instance 'u_mul/SecStageCarry_reg[8]' (FDE) to 'u_mul/SecStageBoothRes_reg[8][0]'
INFO: [Synth 8-3886] merging instance 'u_mul/SecStageCarry_reg[9]' (FDE) to 'u_mul/SecStageBoothRes_reg[9][0]'
INFO: [Synth 8-3886] merging instance 'u_mul/SecStageCarry_reg[7]' (FDE) to 'u_mul/SecStageBoothRes_reg[7][0]'
INFO: [Synth 8-3886] merging instance 'u_mul/SecStageCarry_reg[6]' (FDE) to 'u_mul/SecStageBoothRes_reg[6][0]'
INFO: [Synth 8-3886] merging instance 'u_mul/SecStageCarry_reg[5]' (FDE) to 'u_mul/SecStageBoothRes_reg[5][0]'
INFO: [Synth 8-3886] merging instance 'u_mul/SecStageBoothRes_reg[15][0]' (FDE) to 'u_mul/SecStageBoothRes_reg[15][1]'
INFO: [Synth 8-3886] merging instance 'u_mul/SecStageCarry_reg[4]' (FDE) to 'u_mul/SecStageBoothRes_reg[4][0]'
INFO: [Synth 8-3886] merging instance 'u_mul/SecStageCarry_reg[3]' (FDE) to 'u_mul/SecStageBoothRes_reg[3][0]'
INFO: [Synth 8-3886] merging instance 'u_mul/SecStageCarry_reg[1]' (FDE) to 'u_mul/SecStageBoothRes_reg[1][0]'
INFO: [Synth 8-3886] merging instance 'u_mul/SecStageCarry_reg[2]' (FDE) to 'u_mul/SecStageBoothRes_reg[2][0]'
INFO: [Synth 8-3886] merging instance 'u_mul/SecStageBoothRes_reg[15][1]' (FDE) to 'u_mul/SecStageBoothRes_reg[15][2]'
INFO: [Synth 8-3886] merging instance 'u_mul/SecStageBoothRes_reg[1][0]' (FDE) to 'u_mul/SecStageBoothRes_reg[1][1]'
INFO: [Synth 8-3886] merging instance 'u_mul/SecStageBoothRes_reg[2][0]' (FDE) to 'u_mul/SecStageBoothRes_reg[2][1]'
INFO: [Synth 8-3886] merging instance 'u_mul/SecStageBoothRes_reg[4][0]' (FDE) to 'u_mul/SecStageBoothRes_reg[4][1]'
INFO: [Synth 8-3886] merging instance 'u_mul/SecStageBoothRes_reg[3][0]' (FDE) to 'u_mul/SecStageBoothRes_reg[3][1]'
INFO: [Synth 8-3886] merging instance 'u_mul/SecStageBoothRes_reg[5][0]' (FDE) to 'u_mul/SecStageBoothRes_reg[5][1]'
INFO: [Synth 8-3886] merging instance 'u_mul/SecStageBoothRes_reg[10][0]' (FDE) to 'u_mul/SecStageBoothRes_reg[10][1]'
INFO: [Synth 8-3886] merging instance 'u_mul/SecStageBoothRes_reg[9][0]' (FDE) to 'u_mul/SecStageBoothRes_reg[9][1]'
INFO: [Synth 8-3886] merging instance 'u_mul/SecStageBoothRes_reg[11][0]' (FDE) to 'u_mul/SecStageBoothRes_reg[11][1]'
INFO: [Synth 8-3886] merging instance 'u_mul/SecStageBoothRes_reg[7][0]' (FDE) to 'u_mul/SecStageBoothRes_reg[7][1]'
INFO: [Synth 8-3886] merging instance 'u_mul/SecStageBoothRes_reg[6][0]' (FDE) to 'u_mul/SecStageBoothRes_reg[6][1]'
INFO: [Synth 8-3886] merging instance 'u_mul/SecStageBoothRes_reg[8][0]' (FDE) to 'u_mul/SecStageBoothRes_reg[8][1]'
INFO: [Synth 8-3886] merging instance 'u_mul/SecStageBoothRes_reg[13][0]' (FDE) to 'u_mul/SecStageBoothRes_reg[13][1]'
INFO: [Synth 8-3886] merging instance 'u_mul/SecStageBoothRes_reg[12][0]' (FDE) to 'u_mul/SecStageBoothRes_reg[12][1]'
INFO: [Synth 8-3886] merging instance 'u_mul/SecStageBoothRes_reg[14][0]' (FDE) to 'u_mul/SecStageBoothRes_reg[14][1]'
INFO: [Synth 8-3886] merging instance 'u_mul/SecStageBoothRes_reg[15][2]' (FDE) to 'u_mul/SecStageBoothRes_reg[15][3]'
INFO: [Synth 8-3886] merging instance 'u_mul/SecStageBoothRes_reg[2][1]' (FDE) to 'u_mul/SecStageBoothRes_reg[2][2]'
INFO: [Synth 8-3886] merging instance 'u_mul/SecStageBoothRes_reg[4][1]' (FDE) to 'u_mul/SecStageBoothRes_reg[4][2]'
INFO: [Synth 8-3886] merging instance 'u_mul/SecStageBoothRes_reg[3][1]' (FDE) to 'u_mul/SecStageBoothRes_reg[3][2]'
INFO: [Synth 8-3886] merging instance 'u_mul/SecStageBoothRes_reg[5][1]' (FDE) to 'u_mul/SecStageBoothRes_reg[5][2]'
INFO: [Synth 8-3886] merging instance 'u_mul/SecStageBoothRes_reg[10][1]' (FDE) to 'u_mul/SecStageBoothRes_reg[10][2]'
INFO: [Synth 8-3886] merging instance 'u_mul/SecStageBoothRes_reg[9][1]' (FDE) to 'u_mul/SecStageBoothRes_reg[9][2]'
INFO: [Synth 8-3886] merging instance 'u_mul/SecStageBoothRes_reg[11][1]' (FDE) to 'u_mul/SecStageBoothRes_reg[11][2]'
INFO: [Synth 8-3886] merging instance 'u_mul/SecStageBoothRes_reg[7][1]' (FDE) to 'u_mul/SecStageBoothRes_reg[7][2]'
INFO: [Synth 8-3886] merging instance 'u_mul/SecStageBoothRes_reg[6][1]' (FDE) to 'u_mul/SecStageBoothRes_reg[6][2]'
INFO: [Synth 8-3886] merging instance 'u_mul/SecStageBoothRes_reg[8][1]' (FDE) to 'u_mul/SecStageBoothRes_reg[8][2]'
INFO: [Synth 8-3886] merging instance 'u_mul/SecStageBoothRes_reg[13][1]' (FDE) to 'u_mul/SecStageBoothRes_reg[13][2]'
INFO: [Synth 8-3886] merging instance 'u_mul/SecStageBoothRes_reg[12][1]' (FDE) to 'u_mul/SecStageBoothRes_reg[12][2]'
INFO: [Synth 8-3886] merging instance 'u_mul/SecStageBoothRes_reg[14][1]' (FDE) to 'u_mul/SecStageBoothRes_reg[14][2]'
INFO: [Synth 8-3886] merging instance 'u_mul/SecStageBoothRes_reg[15][3]' (FDE) to 'u_mul/SecStageBoothRes_reg[15][4]'
INFO: [Synth 8-3886] merging instance 'u_mul/SecStageBoothRes_reg[2][2]' (FDE) to 'u_mul/SecStageBoothRes_reg[2][3]'
INFO: [Synth 8-3886] merging instance 'u_mul/SecStageBoothRes_reg[4][2]' (FDE) to 'u_mul/SecStageBoothRes_reg[4][3]'
INFO: [Synth 8-3886] merging instance 'u_mul/SecStageBoothRes_reg[3][2]' (FDE) to 'u_mul/SecStageBoothRes_reg[3][3]'
INFO: [Synth 8-3886] merging instance 'u_mul/SecStageBoothRes_reg[5][2]' (FDE) to 'u_mul/SecStageBoothRes_reg[5][3]'
INFO: [Synth 8-3886] merging instance 'u_mul/SecStageBoothRes_reg[10][2]' (FDE) to 'u_mul/SecStageBoothRes_reg[10][3]'
INFO: [Synth 8-3886] merging instance 'u_mul/SecStageBoothRes_reg[9][2]' (FDE) to 'u_mul/SecStageBoothRes_reg[9][3]'
INFO: [Synth 8-3886] merging instance 'u_mul/SecStageBoothRes_reg[11][2]' (FDE) to 'u_mul/SecStageBoothRes_reg[11][3]'
INFO: [Synth 8-3886] merging instance 'u_mul/SecStageBoothRes_reg[7][2]' (FDE) to 'u_mul/SecStageBoothRes_reg[7][3]'
INFO: [Common 17-14] Message 'Synth 8-3886' appears 100 times and further instances of the messages will be disabled. Use the Tcl command set_msg_config to change the current settings.
