xilinx rtfpga
rt::do_reinfer_area_combined 1
INFO: [Synth 8-5544] ROM "u_uart_recv/rxdata" won't be mapped to Block RAM because address size (4) smaller than threshold (5)
INFO: [Synth 8-5544] ROM "clkcnt" won't be mapped to Block RAM because address size (4) smaller than threshold (5)
INFO: [Synth 8-5544] ROM "num_csn" won't be mapped to Block RAM because address size (3) smaller than threshold (5)
INFO: [Synth 8-5544] ROM "num_a_g" won't be mapped to Block RAM because address size (4) smaller than threshold (5)
INFO: [Synth 8-5546] ROM "p_0_out" won't be mapped to RAM because it is too sparse
INFO: [Synth 8-5546] ROM "p_0_out" won't be mapped to RAM because it is too sparse
INFO: [Synth 8-5544] ROM "uart0/regs/receiver/toc_value" won't be mapped to Block RAM because address size (4) smaller than threshold (5)
INFO: [Synth 8-5544] ROM "uart0/regs/receiver/" won't be mapped to Block RAM because address size (2) smaller than threshold (5)
INFO: [Synth 8-5544] ROM "uart0/regs/block_value" won't be mapped to Block RAM because address size (4) smaller than threshold (5)
INFO: [Synth 8-5544] ROM "uart0/regs/receiver/toc_value" won't be mapped to Block RAM because address size (4) smaller than threshold (5)
INFO: [Synth 8-5544] ROM "uart0/regs/receiver/" won't be mapped to Block RAM because address size (2) smaller than threshold (5)
INFO: [Synth 8-5544] ROM "uart0/regs/block_value" won't be mapped to Block RAM because address size (4) smaller than threshold (5)
INFO: [Synth 8-5544] ROM "uart0/regs/trigger_level" won't be mapped to Block RAM because address size (2) smaller than threshold (5)
WARNING: [Synth 8-7129] Port s_awlen[3] in module ps2_ctrl is either unconnected or has no load
WARNING: [Synth 8-7129] Port s_awlen[2] in module ps2_ctrl is either unconnected or has no load
WARNING: [Synth 8-7129] Port s_awlen[1] in module ps2_ctrl is either unconnected or has no load
WARNING: [Synth 8-7129] Port s_awlen[0] in module ps2_ctrl is either unconnected or has no load
WARNING: [Synth 8-7129] Port s_awsize[2] in module ps2_ctrl is either unconnected or has no load
WARNING: [Synth 8-7129] Port s_awsize[1] in module ps2_ctrl is either unconnected or has no load
WARNING: [Synth 8-7129] Port s_awsize[0] in module ps2_ctrl is either unconnected or has no load
WARNING: [Synth 8-7129] Port s_awburst[1] in module ps2_ctrl is either unconnected or has no load
WARNING: [Synth 8-7129] Port s_awburst[0] in module ps2_ctrl is either unconnected or has no load
WARNING: [Synth 8-7129] Port s_awlock[1] in module ps2_ctrl is either unconnected or has no load
WARNING: [Synth 8-7129] Port s_awlock[0] in module ps2_ctrl is either unconnected or has no load
WARNING: [Synth 8-7129] Port s_awcache[3] in module ps2_ctrl is either unconnected or has no load
WARNING: [Synth 8-7129] Port s_awcache[2] in module ps2_ctrl is either unconnected or has no load
WARNING: [Synth 8-7129] Port s_awcache[1] in module ps2_ctrl is either unconnected or has no load
WARNING: [Synth 8-7129] Port s_awcache[0] in module ps2_ctrl is either unconnected or has no load
WARNING: [Synth 8-7129] Port s_awprot[2] in module ps2_ctrl is either unconnected or has no load
WARNING: [Synth 8-7129] Port s_awprot[1] in module ps2_ctrl is either unconnected or has no load
WARNING: [Synth 8-7129] Port s_awprot[0] in module ps2_ctrl is either unconnected or has no load
WARNING: [Synth 8-7129] Port s_wid[3] in module ps2_ctrl is either unconnected or has no load
WARNING: [Synth 8-7129] Port s_wid[2] in module ps2_ctrl is either unconnected or has no load
WARNING: [Synth 8-7129] Port s_wid[1] in module ps2_ctrl is either unconnected or has no load
WARNING: [Synth 8-7129] Port s_wid[0] in module ps2_ctrl is either unconnected or has no load
WARNING: [Synth 8-7129] Port s_wdata[31] in module ps2_ctrl is either unconnected or has no load
WARNING: [Synth 8-7129] Port s_wdata[30] in module ps2_ctrl is either unconnected or has no load
WARNING: [Synth 8-7129] Port s_wdata[29] in module ps2_ctrl is either unconnected or has no load
WARNING: [Synth 8-7129] Port s_wdata[28] in module ps2_ctrl is either unconnected or has no load
WARNING: [Synth 8-7129] Port s_wdata[27] in module ps2_ctrl is either unconnected or has no load
WARNING: [Synth 8-7129] Port s_wdata[26] in module ps2_ctrl is either unconnected or has no load
WARNING: [Synth 8-7129] Port s_wdata[25] in module ps2_ctrl is either unconnected or has no load
WARNING: [Synth 8-7129] Port s_wdata[24] in module ps2_ctrl is either unconnected or has no load
WARNING: [Synth 8-7129] Port s_wdata[23] in module ps2_ctrl is either unconnected or has no load
WARNING: [Synth 8-7129] Port s_wdata[22] in module ps2_ctrl is either unconnected or has no load
WARNING: [Synth 8-7129] Port s_wdata[21] in module ps2_ctrl is either unconnected or has no load
WARNING: [Synth 8-7129] Port s_wdata[20] in module ps2_ctrl is either unconnected or has no load
WARNING: [Synth 8-7129] Port s_wdata[19] in module ps2_ctrl is either unconnected or has no load
WARNING: [Synth 8-7129] Port s_wdata[18] in module ps2_ctrl is either unconnected or has no load
WARNING: [Synth 8-7129] Port s_wdata[17] in module ps2_ctrl is either unconnected or has no load
WARNING: [Synth 8-7129] Port s_wdata[16] in module ps2_ctrl is either unconnected or has no load
WARNING: [Synth 8-7129] Port s_wdata[15] in module ps2_ctrl is either unconnected or has no load
WARNING: [Synth 8-7129] Port s_wdata[14] in module ps2_ctrl is either unconnected or has no load
WARNING: [Synth 8-7129] Port s_wdata[13] in module ps2_ctrl is either unconnected or has no load
WARNING: [Synth 8-7129] Port s_wdata[12] in module ps2_ctrl is either unconnected or has no load
WARNING: [Synth 8-7129] Port s_wdata[11] in module ps2_ctrl is either unconnected or has no load
WARNING: [Synth 8-7129] Port s_wdata[10] in module ps2_ctrl is either unconnected or has no load
WARNING: [Synth 8-7129] Port s_wdata[9] in module ps2_ctrl is either unconnected or has no load
WARNING: [Synth 8-7129] Port s_wdata[8] in module ps2_ctrl is either unconnected or has no load
WARNING: [Synth 8-7129] Port s_wstrb[3] in module ps2_ctrl is either unconnected or has no load
WARNING: [Synth 8-7129] Port s_wstrb[2] in module ps2_ctrl is either unconnected or has no load
WARNING: [Synth 8-7129] Port s_wstrb[1] in module ps2_ctrl is either unconnected or has no load
WARNING: [Synth 8-7129] Port s_wstrb[0] in module ps2_ctrl is either unconnected or has no load
WARNING: [Synth 8-7129] Port s_arlen[3] in module ps2_ctrl is either unconnected or has no load
WARNING: [Synth 8-7129] Port s_arlen[2] in module ps2_ctrl is either unconnected or has no load
WARNING: [Synth 8-7129] Port s_arlen[1] in module ps2_ctrl is either unconnected or has no load
WARNING: [Synth 8-7129] Port s_arlen[0] in module ps2_ctrl is either unconnected or has no load
WARNING: [Synth 8-7129] Port s_arsize[2] in module ps2_ctrl is either unconnected or has no load
WARNING: [Synth 8-7129] Port s_arsize[1] in module ps2_ctrl is either unconnected or has no load
WARNING: [Synth 8-7129] Port s_arsize[0] in module ps2_ctrl is either unconnected or has no load
WARNING: [Synth 8-7129] Port s_arburst[1] in module ps2_ctrl is either unconnected or has no load
WARNING: [Synth 8-7129] Port s_arburst[0] in module ps2_ctrl is either unconnected or has no load
WARNING: [Synth 8-7129] Port s_arlock[1] in module ps2_ctrl is either unconnected or has no load
WARNING: [Synth 8-7129] Port s_arlock[0] in module ps2_ctrl is either unconnected or has no load
WARNING: [Synth 8-7129] Port s_arcache[3] in module ps2_ctrl is either unconnected or has no load
WARNING: [Synth 8-7129] Port s_arcache[2] in module ps2_ctrl is either unconnected or has no load
WARNING: [Synth 8-7129] Port s_arcache[1] in module ps2_ctrl is either unconnected or has no load
WARNING: [Synth 8-7129] Port s_arcache[0] in module ps2_ctrl is either unconnected or has no load
WARNING: [Synth 8-7129] Port s_arprot[2] in module ps2_ctrl is either unconnected or has no load
WARNING: [Synth 8-7129] Port s_arprot[1] in module ps2_ctrl is either unconnected or has no load
WARNING: [Synth 8-7129] Port s_arprot[0] in module ps2_ctrl is either unconnected or has no load
WARNING: [Synth 8-7129] Port axi_s_awid[3] in module axi2apb_bridge is either unconnected or has no load
WARNING: [Synth 8-7129] Port axi_s_awid[2] in module axi2apb_bridge is either unconnected or has no load
WARNING: [Synth 8-7129] Port axi_s_awid[1] in module axi2apb_bridge is either unconnected or has no load
WARNING: [Synth 8-7129] Port axi_s_awid[0] in module axi2apb_bridge is either unconnected or has no load
WARNING: [Synth 8-7129] Port axi_s_awaddr[31] in module axi2apb_bridge is either unconnected or has no load
WARNING: [Synth 8-7129] Port axi_s_awaddr[30] in module axi2apb_bridge is either unconnected or has no load
WARNING: [Synth 8-7129] Port axi_s_awaddr[29] in module axi2apb_bridge is either unconnected or has no load
WARNING: [Synth 8-7129] Port axi_s_awaddr[28] in module axi2apb_bridge is either unconnected or has no load
WARNING: [Synth 8-7129] Port axi_s_awaddr[27] in module axi2apb_bridge is either unconnected or has no load
WARNING: [Synth 8-7129] Port axi_s_awaddr[26] in module axi2apb_bridge is either unconnected or has no load
WARNING: [Synth 8-7129] Port axi_s_awaddr[25] in module axi2apb_bridge is either unconnected or has no load
WARNING: [Synth 8-7129] Port axi_s_awaddr[24] in module axi2apb_bridge is either unconnected or has no load
WARNING: [Synth 8-7129] Port axi_s_awaddr[23] in module axi2apb_bridge is either unconnected or has no load
WARNING: [Synth 8-7129] Port axi_s_awaddr[22] in module axi2apb_bridge is either unconnected or has no load
WARNING: [Synth 8-7129] Port axi_s_awaddr[21] in module axi2apb_bridge is either unconnected or has no load
WARNING: [Synth 8-7129] Port axi_s_awaddr[20] in module axi2apb_bridge is either unconnected or has no load
WARNING: [Synth 8-7129] Port axi_s_awlen[3] in module axi2apb_bridge is either unconnected or has no load
WARNING: [Synth 8-7129] Port axi_s_awlen[2] in module axi2apb_bridge is either unconnected or has no load
WARNING: [Synth 8-7129] Port axi_s_awlen[1] in module axi2apb_bridge is either unconnected or has no load
WARNING: [Synth 8-7129] Port axi_s_awlen[0] in module axi2apb_bridge is either unconnected or has no load
WARNING: [Synth 8-7129] Port axi_s_awsize[2] in module axi2apb_bridge is either unconnected or has no load
WARNING: [Synth 8-7129] Port axi_s_awsize[1] in module axi2apb_bridge is either unconnected or has no load
WARNING: [Synth 8-7129] Port axi_s_awsize[0] in module axi2apb_bridge is either unconnected or has no load
WARNING: [Synth 8-7129] Port axi_s_awburst[1] in module axi2apb_bridge is either unconnected or has no load
WARNING: [Synth 8-7129] Port axi_s_awburst[0] in module axi2apb_bridge is either unconnected or has no load
WARNING: [Synth 8-7129] Port axi_s_awlock[1] in module axi2apb_bridge is either unconnected or has no load
WARNING: [Synth 8-7129] Port axi_s_awlock[0] in module axi2apb_bridge is either unconnected or has no load
WARNING: [Synth 8-7129] Port axi_s_awcache[3] in module axi2apb_bridge is either unconnected or has no load
WARNING: [Synth 8-7129] Port axi_s_awcache[2] in module axi2apb_bridge is either unconnected or has no load
WARNING: [Synth 8-7129] Port axi_s_awcache[1] in module axi2apb_bridge is either unconnected or has no load
WARNING: [Synth 8-7129] Port axi_s_awcache[0] in module axi2apb_bridge is either unconnected or has no load
WARNING: [Synth 8-7129] Port axi_s_awprot[2] in module axi2apb_bridge is either unconnected or has no load
INFO: [Common 17-14] Message 'Synth 8-7129' appears 100 times and further instances of the messages will be disabled. Use the Tcl command set_msg_config to change the current settings.
INFO: [Synth 8-3886] merging instance 'u_debug_sram/mem_rdata_r_reg[63]' (FDCE) to 'u_debug_sram/mem_flag_r_reg'
INFO: [Synth 8-3886] merging instance 'u_debug_sram/mem_rdata_r_reg[55]' (FDCE) to 'u_debug_sram/mem_flag_r_reg'
INFO: [Synth 8-3886] merging instance 'u_debug_sram/mem_rdata_r_reg[47]' (FDCE) to 'u_debug_sram/mem_flag_r_reg'
INFO: [Synth 8-3886] merging instance 'u_debug_sram/mem_rdata_r_reg[39]' (FDCE) to 'u_debug_sram/mem_flag_r_reg'
INFO: [Synth 8-3886] merging instance 'u_debug_sram/mem_rdata_r_reg[31]' (FDCE) to 'u_debug_sram/mem_flag_r_reg'
INFO: [Synth 8-3886] merging instance 'u_debug_sram/mem_rdata_r_reg[23]' (FDCE) to 'u_debug_sram/mem_flag_r_reg'
INFO: [Synth 8-3886] merging instance 'u_debug_sram/mem_rdata_r_reg[15]' (FDCE) to 'u_debug_sram/mem_flag_r_reg'
INFO: [Synth 8-3886] merging instance 'u_debug_sram/mem_rdata_r_reg[7]' (FDCE) to 'u_debug_sram/mem_flag_r_reg'
INFO: [Synth 8-3886] merging instance 'u_debug_sram/mem_rdata_r_reg[62]' (FDCE) to 'u_debug_sram/mem_flag_r_reg'
INFO: [Synth 8-3886] merging instance 'u_debug_sram/mem_rdata_r_reg[54]' (FDCE) to 'u_debug_sram/mem_flag_r_reg'
INFO: [Synth 8-3886] merging instance 'u_debug_sram/mem_rdata_r_reg[46]' (FDCE) to 'u_debug_sram/mem_flag_r_reg'
INFO: [Synth 8-3886] merging instance 'u_debug_sram/mem_rdata_r_reg[38]' (FDCE) to 'u_debug_sram/mem_flag_r_reg'
INFO: [Synth 8-3886] merging instance 'u_debug_sram/mem_rdata_r_reg[30]' (FDCE) to 'u_debug_sram/mem_flag_r_reg'
INFO: [Synth 8-3886] merging instance 'u_debug_sram/mem_rdata_r_reg[22]' (FDCE) to 'u_debug_sram/mem_flag_r_reg'
INFO: [Synth 8-3886] merging instance 'u_debug_sram/mem_rdata_r_reg[14]' (FDCE) to 'u_debug_sram/mem_flag_r_reg'
INFO: [Synth 8-3886] merging instance 'u_debug_sram/mem_rdata_r_reg[6]' (FDCE) to 'u_debug_sram/mem_flag_r_reg'
INFO: [Synth 8-3886] merging instance 'u_debug_sram/mem_rdata_r_reg[61]' (FDCE) to 'u_debug_sram/mem_flag_r_reg'
INFO: [Synth 8-3886] merging instance 'u_debug_sram/mem_rdata_r_reg[53]' (FDCE) to 'u_debug_sram/mem_flag_r_reg'
INFO: [Synth 8-3886] merging instance 'u_debug_sram/mem_rdata_r_reg[45]' (FDCE) to 'u_debug_sram/mem_flag_r_reg'
INFO: [Synth 8-3886] merging instance 'u_debug_sram/mem_rdata_r_reg[37]' (FDCE) to 'u_debug_sram/mem_flag_r_reg'
INFO: [Synth 8-3886] merging instance 'u_debug_sram/mem_rdata_r_reg[29]' (FDCE) to 'u_debug_sram/mem_flag_r_reg'
INFO: [Synth 8-3886] merging instance 'u_debug_sram/mem_rdata_r_reg[21]' (FDCE) to 'u_debug_sram/mem_flag_r_reg'
INFO: [Synth 8-3886] merging instance 'u_debug_sram/mem_rdata_r_reg[13]' (FDCE) to 'u_debug_sram/mem_flag_r_reg'
INFO: [Synth 8-3886] merging instance 'u_debug_sram/mem_rdata_r_reg[5]' (FDCE) to 'u_debug_sram/mem_flag_r_reg'
INFO: [Synth 8-3886] merging instance 'u_debug_sram/mem_rdata_r_reg[60]' (FDCE) to 'u_debug_sram/mem_flag_r_reg'
INFO: [Synth 8-3886] merging instance 'u_debug_sram/mem_rdata_r_reg[52]' (FDCE) to 'u_debug_sram/mem_flag_r_reg'
INFO: [Synth 8-3886] merging instance 'u_debug_sram/mem_rdata_r_reg[44]' (FDCE) to 'u_debug_sram/mem_flag_r_reg'
INFO: [Synth 8-3886] merging instance 'u_debug_sram/mem_rdata_r_reg[36]' (FDCE) to 'u_debug_sram/mem_flag_r_reg'
INFO: [Synth 8-3886] merging instance 'u_debug_sram/mem_rdata_r_reg[28]' (FDCE) to 'u_debug_sram/mem_flag_r_reg'
INFO: [Synth 8-3886] merging instance 'u_debug_sram/mem_rdata_r_reg[20]' (FDCE) to 'u_debug_sram/mem_flag_r_reg'
INFO: [Synth 8-3886] merging instance 'u_debug_sram/mem_rdata_r_reg[12]' (FDCE) to 'u_debug_sram/mem_flag_r_reg'
INFO: [Synth 8-3886] merging instance 'u_debug_sram/mem_rdata_r_reg[4]' (FDCE) to 'u_debug_sram/mem_flag_r_reg'
INFO: [Synth 8-3886] merging instance 'u_debug_sram/mem_rdata_r_reg[59]' (FDCE) to 'u_debug_sram/mem_flag_r_reg'
INFO: [Synth 8-3886] merging instance 'u_debug_sram/mem_rdata_r_reg[51]' (FDCE) to 'u_debug_sram/mem_flag_r_reg'
INFO: [Synth 8-3886] merging instance 'u_debug_sram/mem_rdata_r_reg[43]' (FDCE) to 'u_debug_sram/mem_flag_r_reg'
INFO: [Synth 8-3886] merging instance 'u_debug_sram/mem_rdata_r_reg[35]' (FDCE) to 'u_debug_sram/mem_flag_r_reg'
INFO: [Synth 8-3886] merging instance 'u_debug_sram/mem_rdata_r_reg[27]' (FDCE) to 'u_debug_sram/mem_flag_r_reg'
INFO: [Synth 8-3886] merging instance 'u_debug_sram/mem_rdata_r_reg[19]' (FDCE) to 'u_debug_sram/mem_flag_r_reg'
INFO: [Synth 8-3886] merging instance 'u_debug_sram/mem_rdata_r_reg[11]' (FDCE) to 'u_debug_sram/mem_flag_r_reg'
INFO: [Synth 8-3886] merging instance 'u_debug_sram/mem_rdata_r_reg[3]' (FDCE) to 'u_debug_sram/mem_flag_r_reg'
INFO: [Synth 8-3886] merging instance 'u_debug_sram/mem_rdata_r_reg[58]' (FDCE) to 'u_debug_sram/mem_flag_r_reg'
INFO: [Synth 8-3886] merging instance 'u_debug_sram/mem_rdata_r_reg[50]' (FDCE) to 'u_debug_sram/mem_flag_r_reg'
INFO: [Synth 8-3886] merging instance 'u_debug_sram/mem_rdata_r_reg[42]' (FDCE) to 'u_debug_sram/mem_flag_r_reg'
INFO: [Synth 8-3886] merging instance 'u_debug_sram/mem_rdata_r_reg[34]' (FDCE) to 'u_debug_sram/mem_flag_r_reg'
INFO: [Synth 8-3886] merging instance 'u_debug_sram/mem_rdata_r_reg[26]' (FDCE) to 'u_debug_sram/mem_flag_r_reg'
INFO: [Synth 8-3886] merging instance 'u_debug_sram/mem_rdata_r_reg[18]' (FDCE) to 'u_debug_sram/mem_flag_r_reg'
INFO: [Synth 8-3886] merging instance 'u_debug_sram/mem_rdata_r_reg[10]' (FDCE) to 'u_debug_sram/mem_flag_r_reg'
INFO: [Synth 8-3886] merging instance 'u_debug_sram/mem_rdata_r_reg[2]' (FDCE) to 'u_debug_sram/mem_flag_r_reg'
INFO: [Synth 8-3886] merging instance 'u_debug_sram/mem_rdata_r_reg[57]' (FDCE) to 'u_debug_sram/mem_flag_r_reg'
INFO: [Synth 8-3886] merging instance 'u_debug_sram/mem_rdata_r_reg[49]' (FDCE) to 'u_debug_sram/mem_flag_r_reg'
INFO: [Synth 8-3886] merging instance 'u_debug_sram/mem_rdata_r_reg[41]' (FDCE) to 'u_debug_sram/mem_flag_r_reg'
INFO: [Synth 8-3886] merging instance 'u_debug_sram/mem_rdata_r_reg[33]' (FDCE) to 'u_debug_sram/mem_flag_r_reg'
INFO: [Synth 8-3886] merging instance 'u_debug_sram/mem_rdata_r_reg[25]' (FDCE) to 'u_debug_sram/mem_flag_r_reg'
INFO: [Synth 8-3886] merging instance 'u_debug_sram/mem_rdata_r_reg[17]' (FDCE) to 'u_debug_sram/mem_flag_r_reg'
INFO: [Synth 8-3886] merging instance 'u_debug_sram/mem_rdata_r_reg[9]' (FDCE) to 'u_debug_sram/mem_flag_r_reg'
INFO: [Synth 8-3886] merging instance 'u_debug_sram/mem_rdata_r_reg[1]' (FDCE) to 'u_debug_sram/mem_flag_r_reg'
INFO: [Synth 8-3886] merging instance 'u_debug_sram/mem_rdata_r_reg[56]' (FDCE) to 'u_debug_sram/mem_flag_r_reg'
INFO: [Synth 8-3886] merging instance 'u_debug_sram/mem_rdata_r_reg[48]' (FDCE) to 'u_debug_sram/mem_flag_r_reg'
INFO: [Synth 8-3886] merging instance 'u_debug_sram/mem_rdata_r_reg[40]' (FDCE) to 'u_debug_sram/mem_flag_r_reg'
INFO: [Synth 8-3886] merging instance 'u_debug_sram/mem_rdata_r_reg[32]' (FDCE) to 'u_debug_sram/mem_flag_r_reg'
INFO: [Synth 8-3886] merging instance 'u_debug_sram/mem_rdata_r_reg[24]' (FDCE) to 'u_debug_sram/mem_flag_r_reg'
INFO: [Synth 8-3886] merging instance 'u_debug_sram/mem_rdata_r_reg[16]' (FDCE) to 'u_debug_sram/mem_flag_r_reg'
INFO: [Synth 8-3886] merging instance 'u_debug_sram/mem_rdata_r_reg[8]' (FDCE) to 'u_debug_sram/mem_flag_r_reg'
INFO: [Synth 8-3886] merging instance 'u_debug_sram/mem_rdata_r_reg[0]' (FDCE) to 'u_debug_sram/mem_flag_r_reg'
INFO: [Synth 8-3886] merging instance 'u_debug_top/u_uart_recv/clk_cnt_reg[14]' (FDC) to 'u_debug_top/u_uart_send/clk_cnt_reg[15]'
INFO: [Synth 8-3886] merging instance 'u_debug_top/u_uart_recv/clk_cnt_reg[15]' (FDC) to 'u_debug_top/u_uart_send/clk_cnt_reg[15]'
INFO: [Synth 8-3886] merging instance 'u_debug_top/u_uart_recv/clk_cnt_reg[13]' (FDC) to 'u_debug_top/u_uart_send/clk_cnt_reg[15]'
INFO: [Synth 8-3333] propagating constant 0 across sequential element (APB_DEV/\nand_module/NAND /\addr_in_die_reg[37] )
INFO: [Synth 8-3333] propagating constant 0 across sequential element (APB_DEV/\nand_module/nand_type_r1_reg[0] )
INFO: [Synth 8-3886] merging instance 'APB_DEV/nand_module/nand_type_r2_reg[0]' (FDE) to 'APB_DEV/nand_module/nand_type_r1_reg[0]'
INFO: [Synth 8-3333] propagating constant 1 across sequential element (APB_DEV/\nand_module/nand_type_r1_reg[1] )
INFO: [Synth 8-3886] merging instance 'APB_DEV/nand_module/nand_type_r2_reg[1]' (FDE) to 'APB_DEV/nand_module/nand_type_r1_reg[1]'
INFO: [Synth 8-3886] merging instance 'APB_DEV/nand_module/nand_iordy_r0_reg[3]' (FD) to 'APB_DEV/nand_module/nand_iordy_r0_reg[2]'
INFO: [Synth 8-3886] merging instance 'APB_DEV/nand_module/nand_iordy_r1_reg[3]' (FD) to 'APB_DEV/nand_module/nand_iordy_r1_reg[2]'
INFO: [Synth 8-3886] merging instance 'APB_DEV/nand_module/nand_iordy_r0_reg[2]' (FD) to 'APB_DEV/nand_module/nand_iordy_r0_reg[1]'
INFO: [Synth 8-3886] merging instance 'APB_DEV/nand_module/nand_iordy_r1_reg[2]' (FD) to 'APB_DEV/nand_module/nand_iordy_r1_reg[1]'
INFO: [Synth 8-3333] propagating constant 0 across sequential element (APB_DEV/\nand_module/nand_iordy_r0_reg[1] )
INFO: [Synth 8-3886] merging instance 'APB_DEV/nand_module/nand_iordy_r1_reg[1]' (FD) to 'APB_DEV/nand_module/nand_iordy_r0_reg[1]'
INFO: [Synth 8-3333] propagating constant 1 across sequential element (SPI/\simple_spi/ack_o_reg )
INFO: [Synth 8-3333] propagating constant 1 across sequential element (SPI/\simple_spi/spcr_reg[4] )
INFO: [Synth 8-3886] merging instance 'u_debug_top/u_uart_send/clk_cnt_reg[14]' (FDC) to 'u_debug_top/u_uart_send/clk_cnt_reg[15]'
INFO: [Synth 8-3886] merging instance 'u_debug_top/u_uart_send/clk_cnt_reg[15]' (FDC) to 'u_debug_top/u_uart_send/clk_cnt_reg[13]'
INFO: [Synth 8-3333] propagating constant 0 across sequential element (u_debug_top/\u_uart_send/clk_cnt_reg[13] )
INFO: [Synth 8-3333] propagating constant 0 across sequential element (u_debug_sram/mem_flag_r_reg)
INFO: [Synth 8-3886] merging instance 'APB_DEV/uart0/regs/delayed_modem_signals_reg[0]' (FDR) to 'APB_DEV/uart0/regs/delayed_modem_signals_reg[1]'
INFO: [Synth 8-3886] merging instance 'APB_DEV/uart0/regs/delayed_modem_signals_reg[1]' (FDR) to 'APB_DEV/uart0/regs/delayed_modem_signals_reg[2]'
INFO: [Synth 8-3886] merging instance 'APB_DEV/uart0/regs/delayed_modem_signals_reg[2]' (FDR) to 'APB_DEV/uart0/regs/delayed_modem_signals_reg[3]'
INFO: [Synth 8-3886] merging instance 'APB_DEV/nand_module/NAND/COMMAND_reg[1]' (FDRE) to 'APB_DEV/nand_module/NAND/COMMAND_reg[3]'
INFO: [Synth 8-3886] merging instance 'PS2_CTRL/i_2/s_rdata_reg[13]' (FDRE) to 'PS2_CTRL/i_2/s_rdata_reg[14]'
INFO: [Synth 8-3886] merging instance 'PS2_CTRL/i_2/s_rdata_reg[14]' (FDRE) to 'PS2_CTRL/i_2/s_rdata_reg[15]'
INFO: [Synth 8-3886] merging instance 'PS2_CTRL/i_2/s_rdata_reg[15]' (FDRE) to 'PS2_CTRL/i_2/s_rdata_reg[16]'
INFO: [Synth 8-3886] merging instance 'PS2_CTRL/i_2/s_rdata_reg[16]' (FDRE) to 'PS2_CTRL/i_2/s_rdata_reg[17]'
INFO: [Synth 8-3886] merging instance 'PS2_CTRL/i_2/s_rdata_reg[17]' (FDRE) to 'PS2_CTRL/i_2/s_rdata_reg[18]'
INFO: [Synth 8-3886] merging instance 'PS2_CTRL/i_2/s_rdata_reg[18]' (FDRE) to 'PS2_CTRL/i_2/s_rdata_reg[19]'
INFO: [Synth 8-3886] merging instance 'PS2_CTRL/i_2/s_rdata_reg[19]' (FDRE) to 'PS2_CTRL/i_2/s_rdata_reg[20]'
INFO: [Synth 8-3886] merging instance 'PS2_CTRL/i_2/s_rdata_reg[20]' (FDRE) to 'PS2_CTRL/i_2/s_rdata_reg[21]'
INFO: [Synth 8-3886] merging instance 'PS2_CTRL/i_2/s_rdata_reg[21]' (FDRE) to 'PS2_CTRL/i_2/s_rdata_reg[22]'
INFO: [Synth 8-3886] merging instance 'PS2_CTRL/i_2/s_rdata_reg[22]' (FDRE) to 'PS2_CTRL/i_2/s_rdata_reg[23]'
INFO: [Synth 8-3886] merging instance 'PS2_CTRL/i_2/s_rdata_reg[23]' (FDRE) to 'PS2_CTRL/i_2/s_rdata_reg[24]'
INFO: [Synth 8-3886] merging instance 'PS2_CTRL/i_2/s_rdata_reg[24]' (FDRE) to 'PS2_CTRL/i_2/s_rdata_reg[25]'
INFO: [Synth 8-3886] merging instance 'PS2_CTRL/i_2/s_rdata_reg[25]' (FDRE) to 'PS2_CTRL/i_2/s_rdata_reg[26]'
INFO: [Synth 8-3886] merging instance 'PS2_CTRL/i_2/s_rdata_reg[26]' (FDRE) to 'PS2_CTRL/i_2/s_rdata_reg[27]'
INFO: [Synth 8-3886] merging instance 'PS2_CTRL/i_2/s_rdata_reg[27]' (FDRE) to 'PS2_CTRL/i_2/s_rdata_reg[28]'
INFO: [Synth 8-3886] merging instance 'PS2_CTRL/i_2/s_rdata_reg[28]' (FDRE) to 'PS2_CTRL/i_2/s_rdata_reg[29]'
INFO: [Synth 8-3886] merging instance 'PS2_CTRL/i_2/s_rdata_reg[29]' (FDRE) to 'PS2_CTRL/i_2/s_rdata_reg[30]'
INFO: [Synth 8-3886] merging instance 'PS2_CTRL/i_2/s_rdata_reg[30]' (FDRE) to 'PS2_CTRL/i_2/s_rdata_reg[31]'
INFO: [Synth 8-3333] propagating constant 0 across sequential element (PS2_CTRL/i_2/\s_rdata_reg[31] )
INFO: [Synth 8-3333] propagating constant 0 across sequential element (SPI/pdreq_r_reg)
INFO: [Synth 8-3886] merging instance 'APB_DEV/nand_module/NAND/nand_command_reg[29]' (FDE) to 'APB_DEV/nand_module/NAND/nand_command_reg[30]'
INFO: [Synth 8-3333] propagating constant 0 across sequential element (APB_DEV/\nand_module/NAND /\nand_command_reg[30] )
INFO: [Synth 8-3333] propagating constant 0 across sequential element (PS2_CTRL/\tx_state_reg[3] )
INFO: [Synth 8-3333] propagating constant 0 across sequential element (AXI_SLAVE_MUX/\rd_fifo/fifo_ram_reg[1][3] )
INFO: [Synth 8-3333] propagating constant 0 across sequential element (AXI_SLAVE_MUX/\rd_fifo/fifo_ram_reg[0][3] )
INFO: [Synth 8-3333] propagating constant 0 across sequential element (AXI_SLAVE_MUX/\wr_fifo/fifo_ram_reg[1][3] )
INFO: [Synth 8-3333] propagating constant 0 across sequential element (AXI_SLAVE_MUX/\wr_fifo/fifo_ram_reg[0][3] )
INFO: [Synth 8-3886] merging instance 'u_debug_top/u_trace_debug/mem_rdata_r_reg[7]' (FDE) to 'u_debug_top/u_trace_debug/mem_rdata_r_reg[6]'
INFO: [Common 17-14] Message 'Synth 8-3886' appears 100 times and further instances of the messages will be disabled. Use the Tcl command set_msg_config to change the current settings.
INFO: [Synth 8-3333] propagating constant 0 across sequential element (u_debug_top/\u_trace_debug/mem_rdata_r_reg[0] )
INFO: [Synth 8-3333] propagating constant 0 across sequential element (APB_DEV/\nand_module/nand_type_r1_reg[0] )
INFO: [Synth 8-3333] propagating constant 1 across sequential element (APB_DEV/\nand_module/nand_type_r1_reg[1] )
INFO: [Synth 8-3333] propagating constant 0 across sequential element (APB_DEV/\nand_module/nand_iordy_r0_reg[1] )
INFO: [Synth 8-3333] propagating constant 0 across sequential element (APB_DEV/\nand_module/NAND /\nand_command_reg[19] )
WARNING: [Synth 8-3332] Sequential element (FSM_onehot_rd_state_reg[6]) is unused and will be removed from module spi_flash_ctrl.
WARNING: [Synth 8-3332] Sequential element (AA_axi2apb_bridge_cpu/FSM_onehot_csr_rw_sm_reg[2]) is unused and will be removed from module axi2apb_misc.
