
*** Running vivado
    with args -log clk_wiz_0.vds -m64 -product Vivado -mode batch -messageDb vivado.pb -notrace -source clk_wiz_0.tcl


****** Vivado v2025.2 (64-bit)
  **** SW Build 6299465 on Fri Nov 14 12:34:56 MST 2025
  **** IP Build 6300035 on Fri Nov 14 10:48:45 MST 2025
  **** SharedData Build 6298862 on Thu Nov 13 04:50:51 MST 2025
  **** Start of session at: Wed May 13 19:56:36 2026
    ** Copyright 1986-2022 Xilinx, Inc. All Rights Reserved.
    ** Copyright 2022-2025 Advanced Micro Devices, Inc. All Rights Reserved.

source clk_wiz_0.tcl -notrace
Command: synth_design -top clk_wiz_0 -part xc7a200tfbg676-2 -incremental_mode off -mode out_of_context
Starting synth_design
Attempting to get a license for feature 'Synthesis' and/or device 'xc7a200t'
INFO: [Common 17-349] Got license for feature 'Synthesis' and/or device 'xc7a200t'
INFO: [Device 21-403] Loading part xc7a200tfbg676-2
INFO: [Synth 8-7079] Multithreading enabled for synth_design using a maximum of 7 processes.
INFO: [Synth 8-7078] Launching helper process for spawning children vivado processes
INFO: [Synth 8-7075] Helper process launched with PID 2692037
---------------------------------------------------------------------------------
Starting RTL Elaboration : Time (s): cpu = 00:00:02 ; elapsed = 00:00:02 . Memory (MB): peak = 2247.047 ; gain = 481.875 ; free physical = 4004 ; free virtual = 83979
---------------------------------------------------------------------------------
INFO: [Synth 8-6157] synthesizing module 'clk_wiz_0' [/home/lch/work/miracle/chiplab/IP/xilinx_ip/2023.2/clk_wiz_0_loongson/clk_wiz_0.v:65]
INFO: [Synth 8-6157] synthesizing module 'clk_wiz_0_clk_wiz' [/home/lch/work/miracle/chiplab/IP/xilinx_ip/2023.2/clk_wiz_0_loongson/clk_wiz_0_clk_wiz.v:65]
INFO: [Synth 8-6157] synthesizing module 'PLLE2_ADV' [/opt/vivado/2025.2/Vivado/scripts/rt/data/unisim_comp.v:133907]
	Parameter BANDWIDTH bound to: OPTIMIZED - type: string 
	Parameter CLKFBOUT_MULT bound to: 10 - type: integer 
	Parameter CLKFBOUT_PHASE bound to: 0.000000e+00 - type: double 
	Parameter CLKIN1_PERIOD bound to: 1.000000e+01 - type: double 
	Parameter CLKOUT0_DIVIDE bound to: 5 - type: integer 
	Parameter CLKOUT0_DUTY_CYCLE bound to: 5.000000e-01 - type: double 
	Parameter CLKOUT0_PHASE bound to: 0.000000e+00 - type: double 
	Parameter COMPENSATION bound to: ZHOLD - type: string 
	Parameter DIVCLK_DIVIDE bound to: 1 - type: integer 
	Parameter STARTUP_WAIT bound to: FALSE - type: string 
INFO: [Synth 8-6155] done synthesizing module 'PLLE2_ADV' (0#1) [/opt/vivado/2025.2/Vivado/scripts/rt/data/unisim_comp.v:133907]
INFO: [Synth 8-6157] synthesizing module 'BUFG' [/opt/vivado/2025.2/Vivado/scripts/rt/data/unisim_comp.v:2678]
INFO: [Synth 8-6155] done synthesizing module 'BUFG' (0#1) [/opt/vivado/2025.2/Vivado/scripts/rt/data/unisim_comp.v:2678]
INFO: [Synth 8-6155] done synthesizing module 'clk_wiz_0_clk_wiz' (0#1) [/home/lch/work/miracle/chiplab/IP/xilinx_ip/2023.2/clk_wiz_0_loongson/clk_wiz_0_clk_wiz.v:65]
INFO: [Synth 8-6155] done synthesizing module 'clk_wiz_0' (0#1) [/home/lch/work/miracle/chiplab/IP/xilinx_ip/2023.2/clk_wiz_0_loongson/clk_wiz_0.v:65]
---------------------------------------------------------------------------------
Finished RTL Elaboration : Time (s): cpu = 00:00:03 ; elapsed = 00:00:03 . Memory (MB): peak = 2335.016 ; gain = 569.844 ; free physical = 3570 ; free virtual = 83546
---------------------------------------------------------------------------------
---------------------------------------------------------------------------------
Start Handling Custom Attributes
---------------------------------------------------------------------------------
---------------------------------------------------------------------------------
Finished Handling Custom Attributes : Time (s): cpu = 00:00:03 ; elapsed = 00:00:03 . Memory (MB): peak = 2346.891 ; gain = 581.719 ; free physical = 3561 ; free virtual = 83539
---------------------------------------------------------------------------------
---------------------------------------------------------------------------------
Finished RTL Optimization Phase 1 : Time (s): cpu = 00:00:03 ; elapsed = 00:00:03 . Memory (MB): peak = 2346.891 ; gain = 581.719 ; free physical = 3561 ; free virtual = 83539
---------------------------------------------------------------------------------
Netlist sorting complete. Time (s): cpu = 00:00:00 ; elapsed = 00:00:00 . Memory (MB): peak = 2349.859 ; gain = 0.000 ; free physical = 3550 ; free virtual = 83527
INFO: [Netlist 29-17] Analyzing 1 Unisim elements for replacement
INFO: [Netlist 29-28] Unisim Transformation completed in 0 CPU seconds
INFO: [Project 1-570] Preparing netlist for logic optimization

Processing XDC Constraints
Initializing timing engine
Parsing XDC File [/home/lch/work/miracle/chiplab/IP/xilinx_ip/2023.2/clk_wiz_0_loongson/clk_wiz_0_ooc.xdc] for cell 'inst'
Finished Parsing XDC File [/home/lch/work/miracle/chiplab/IP/xilinx_ip/2023.2/clk_wiz_0_loongson/clk_wiz_0_ooc.xdc] for cell 'inst'
Parsing XDC File [/home/lch/work/miracle/chiplab/IP/xilinx_ip/2023.2/clk_wiz_0_loongson/clk_wiz_0_board.xdc] for cell 'inst'
Finished Parsing XDC File [/home/lch/work/miracle/chiplab/IP/xilinx_ip/2023.2/clk_wiz_0_loongson/clk_wiz_0_board.xdc] for cell 'inst'
Parsing XDC File [/home/lch/work/miracle/chiplab/IP/xilinx_ip/2023.2/clk_wiz_0_loongson/clk_wiz_0.xdc] for cell 'inst'
Finished Parsing XDC File [/home/lch/work/miracle/chiplab/IP/xilinx_ip/2023.2/clk_wiz_0_loongson/clk_wiz_0.xdc] for cell 'inst'
Parsing XDC File [/home/lch/work/miracle/chiplab/fpga/loongson/2023.2/system_run.runs/clk_wiz_0_synth_1/dont_touch.xdc]
Finished Parsing XDC File [/home/lch/work/miracle/chiplab/fpga/loongson/2023.2/system_run.runs/clk_wiz_0_synth_1/dont_touch.xdc]
Parsing XDC File [/home/lch/work/miracle/chiplab/IP/xilinx_ip/2023.2/clk_wiz_0_loongson/clk_wiz_0_late.xdc] for cell 'inst'
Finished Parsing XDC File [/home/lch/work/miracle/chiplab/IP/xilinx_ip/2023.2/clk_wiz_0_loongson/clk_wiz_0_late.xdc] for cell 'inst'
Completed Processing XDC Constraints

Netlist sorting complete. Time (s): cpu = 00:00:00 ; elapsed = 00:00:00.01 . Memory (MB): peak = 2395.816 ; gain = 0.000 ; free physical = 3105 ; free virtual = 83082
INFO: [Project 1-111] Unisim Transformation Summary:
No Unisim elements were transformed.

INFO: [Timing 38-2] Deriving generated clocks
Constraint Validation Runtime : Time (s): cpu = 00:00:00.01 ; elapsed = 00:00:00.01 . Memory (MB): peak = 2395.852 ; gain = 0.000 ; free physical = 3089 ; free virtual = 83066
INFO: [Designutils 20-5008] Incremental synthesis strategy off
---------------------------------------------------------------------------------
Finished Constraint Validation : Time (s): cpu = 00:00:07 ; elapsed = 00:00:07 . Memory (MB): peak = 2395.852 ; gain = 630.680 ; free physical = 2497 ; free virtual = 82483
---------------------------------------------------------------------------------
---------------------------------------------------------------------------------
Start Loading Part and Timing Information
---------------------------------------------------------------------------------
Loading part: xc7a200tfbg676-2
---------------------------------------------------------------------------------
Finished Loading Part and Timing Information : Time (s): cpu = 00:00:07 ; elapsed = 00:00:07 . Memory (MB): peak = 2403.820 ; gain = 638.648 ; free physical = 2497 ; free virtual = 82483
---------------------------------------------------------------------------------
---------------------------------------------------------------------------------
Start Applying 'set_property' XDC Constraints
---------------------------------------------------------------------------------
---------------------------------------------------------------------------------
Finished applying 'set_property' XDC Constraints : Time (s): cpu = 00:00:07 ; elapsed = 00:00:07 . Memory (MB): peak = 2403.820 ; gain = 638.648 ; free physical = 2497 ; free virtual = 82483
---------------------------------------------------------------------------------
---------------------------------------------------------------------------------
Finished RTL Optimization Phase 2 : Time (s): cpu = 00:00:07 ; elapsed = 00:00:07 . Memory (MB): peak = 2403.820 ; gain = 638.648 ; free physical = 2492 ; free virtual = 82480
---------------------------------------------------------------------------------
---------------------------------------------------------------------------------
Start RTL Component Statistics 
---------------------------------------------------------------------------------
Detailed RTL Component Info : 
---------------------------------------------------------------------------------
Finished RTL Component Statistics 
---------------------------------------------------------------------------------
---------------------------------------------------------------------------------
Start Part Resource Summary
---------------------------------------------------------------------------------
Part Resources:
DSPs: 740 (col length:100)
BRAMs: 730 (col length: RAMB18 100 RAMB36 50)
---------------------------------------------------------------------------------
Finished Part Resource Summary
---------------------------------------------------------------------------------
---------------------------------------------------------------------------------
Start Cross Boundary and Area Optimization
---------------------------------------------------------------------------------
---------------------------------------------------------------------------------
Finished Cross Boundary and Area Optimization : Time (s): cpu = 00:00:07 ; elapsed = 00:00:08 . Memory (MB): peak = 2403.820 ; gain = 638.648 ; free physical = 2498 ; free virtual = 82486
---------------------------------------------------------------------------------
---------------------------------------------------------------------------------
Start Applying XDC Timing Constraints
---------------------------------------------------------------------------------
---------------------------------------------------------------------------------
Finished Applying XDC Timing Constraints : Time (s): cpu = 00:00:10 ; elapsed = 00:00:10 . Memory (MB): peak = 2496.820 ; gain = 731.648 ; free physical = 2375 ; free virtual = 82373
---------------------------------------------------------------------------------
---------------------------------------------------------------------------------
Start Timing Optimization
---------------------------------------------------------------------------------
---------------------------------------------------------------------------------
Finished Timing Optimization : Time (s): cpu = 00:00:10 ; elapsed = 00:00:10 . Memory (MB): peak = 2496.820 ; gain = 731.648 ; free physical = 2375 ; free virtual = 82373
---------------------------------------------------------------------------------
---------------------------------------------------------------------------------
Start Technology Mapping
---------------------------------------------------------------------------------
---------------------------------------------------------------------------------
Finished Technology Mapping : Time (s): cpu = 00:00:10 ; elapsed = 00:00:10 . Memory (MB): peak = 2505.836 ; gain = 740.664 ; free physical = 2367 ; free virtual = 82365
---------------------------------------------------------------------------------
---------------------------------------------------------------------------------
Start IO Insertion
---------------------------------------------------------------------------------
---------------------------------------------------------------------------------
Start Flattening Before IO Insertion
---------------------------------------------------------------------------------
---------------------------------------------------------------------------------
Finished Flattening Before IO Insertion
---------------------------------------------------------------------------------
---------------------------------------------------------------------------------
Start Final Netlist Cleanup
---------------------------------------------------------------------------------
---------------------------------------------------------------------------------
Finished Final Netlist Cleanup
---------------------------------------------------------------------------------
---------------------------------------------------------------------------------
Finished IO Insertion : Time (s): cpu = 00:00:12 ; elapsed = 00:00:12 . Memory (MB): peak = 2692.648 ; gain = 927.477 ; free physical = 2082 ; free virtual = 82073
---------------------------------------------------------------------------------
---------------------------------------------------------------------------------
Start Renaming Generated Instances
---------------------------------------------------------------------------------
---------------------------------------------------------------------------------
Finished Renaming Generated Instances : Time (s): cpu = 00:00:12 ; elapsed = 00:00:12 . Memory (MB): peak = 2692.648 ; gain = 927.477 ; free physical = 2082 ; free virtual = 82073
---------------------------------------------------------------------------------
---------------------------------------------------------------------------------
Start Rebuilding User Hierarchy
---------------------------------------------------------------------------------
---------------------------------------------------------------------------------
Finished Rebuilding User Hierarchy : Time (s): cpu = 00:00:12 ; elapsed = 00:00:12 . Memory (MB): peak = 2692.648 ; gain = 927.477 ; free physical = 2082 ; free virtual = 82073
---------------------------------------------------------------------------------
---------------------------------------------------------------------------------
Start Renaming Generated Ports
---------------------------------------------------------------------------------
---------------------------------------------------------------------------------
Finished Renaming Generated Ports : Time (s): cpu = 00:00:12 ; elapsed = 00:00:12 . Memory (MB): peak = 2692.648 ; gain = 927.477 ; free physical = 2082 ; free virtual = 82073
---------------------------------------------------------------------------------
---------------------------------------------------------------------------------
Start Handling Custom Attributes
---------------------------------------------------------------------------------
---------------------------------------------------------------------------------
Finished Handling Custom Attributes : Time (s): cpu = 00:00:12 ; elapsed = 00:00:12 . Memory (MB): peak = 2692.648 ; gain = 927.477 ; free physical = 2082 ; free virtual = 82073
---------------------------------------------------------------------------------
---------------------------------------------------------------------------------
Start Renaming Generated Nets
---------------------------------------------------------------------------------
---------------------------------------------------------------------------------
Finished Renaming Generated Nets : Time (s): cpu = 00:00:12 ; elapsed = 00:00:12 . Memory (MB): peak = 2692.648 ; gain = 927.477 ; free physical = 2082 ; free virtual = 82073
---------------------------------------------------------------------------------
---------------------------------------------------------------------------------
Start Writing Synthesis Report
---------------------------------------------------------------------------------

Report BlackBoxes: 
+-+--------------+----------+
| |BlackBox name |Instances |
+-+--------------+----------+
+-+--------------+----------+

Report Cell Usage: 
+------+----------+------+
|      |Cell      |Count |
+------+----------+------+
|1     |BUFG      |     2|
|2     |PLLE2_ADV |     1|
+------+----------+------+
---------------------------------------------------------------------------------
Finished Writing Synthesis Report : Time (s): cpu = 00:00:12 ; elapsed = 00:00:12 . Memory (MB): peak = 2692.648 ; gain = 927.477 ; free physical = 2082 ; free virtual = 82073
---------------------------------------------------------------------------------
Synthesis finished with 0 errors, 0 critical warnings and 0 warnings.
Synthesis Optimization Runtime : Time (s): cpu = 00:00:10 ; elapsed = 00:00:11 . Memory (MB): peak = 2692.648 ; gain = 878.516 ; free physical = 2082 ; free virtual = 82073
Synthesis Optimization Complete : Time (s): cpu = 00:00:12 ; elapsed = 00:00:12 . Memory (MB): peak = 2692.656 ; gain = 927.477 ; free physical = 2082 ; free virtual = 82073
INFO: [Project 1-571] Translating synthesized netlist
Netlist sorting complete. Time (s): cpu = 00:00:00 ; elapsed = 00:00:00 . Memory (MB): peak = 2692.656 ; gain = 0.000 ; free physical = 2082 ; free virtual = 82073
INFO: [Netlist 29-17] Analyzing 1 Unisim elements for replacement
INFO: [Netlist 29-28] Unisim Transformation completed in 0 CPU seconds
INFO: [Project 1-570] Preparing netlist for logic optimization
INFO: [Opt 31-138] Pushed 0 inverter(s) to 0 load pin(s).
Netlist sorting complete. Time (s): cpu = 00:00:00 ; elapsed = 00:00:00 . Memory (MB): peak = 2692.656 ; gain = 0.000 ; free physical = 2375 ; free virtual = 82367
INFO: [Project 1-111] Unisim Transformation Summary:
No Unisim elements were transformed.

Synth Design complete | Checksum: bb7df541
INFO: [Common 17-83] Releasing license: Synthesis
26 Infos, 0 Warnings, 0 Critical Warnings and 0 Errors encountered.
synth_design completed successfully
synth_design: Time (s): cpu = 00:00:15 ; elapsed = 00:00:14 . Memory (MB): peak = 2692.684 ; gain = 1069.691 ; free physical = 2378 ; free virtual = 82370
INFO: [Common 17-2834] synth_design peak Physical Memory [PSS] (MB): overall = 1590.887; main = 1565.759; forked = 188.562
INFO: [Common 17-2834] synth_design peak Virtual Memory [VSS] (MB): overall = 3504.066; main = 2692.652; forked = 994.227
INFO: [Common 17-1381] The checkpoint '/home/lch/work/miracle/chiplab/fpga/loongson/2023.2/system_run.runs/clk_wiz_0_synth_1/clk_wiz_0.dcp' has been generated.
INFO: [Coretcl 2-1648] Added synthesis output to IP cache for IP clk_wiz_0, cache-ID = 1e91d3a5b1086441
INFO: [Common 17-1381] The checkpoint '/home/lch/work/miracle/chiplab/fpga/loongson/2023.2/system_run.runs/clk_wiz_0_synth_1/clk_wiz_0.dcp' has been generated.
INFO: [Vivado 12-24828] Executing command : report_utilization -file clk_wiz_0_utilization_synth.rpt -pb clk_wiz_0_utilization_synth.pb
INFO: [Common 17-206] Exiting Vivado at Wed May 13 19:56:53 2026...
